Component: ARM Compiler 5.06 update 4 (build 422) Tool: armlink [4d35d2]

==============================================================================

Section Cross References

    startup_stm32f051x8.o(RESET) refers to startup_stm32f051x8.o(.text) for Reset_Handler
    startup_stm32f051x8.o(RESET) refers to system_stm32f0xx.o(i.NMI_Handler) for NMI_Handler
    startup_stm32f051x8.o(RESET) refers to system_stm32f0xx.o(i.HardFault_Handler) for HardFault_Handler
    startup_stm32f051x8.o(RESET) refers to system_stm32f0xx.o(i.SVC_Handler) for SVC_Handler
    startup_stm32f051x8.o(RESET) refers to system_stm32f0xx.o(i.PendSV_Handler) for PendSV_Handler
    startup_stm32f051x8.o(RESET) refers to system_stm32f0xx.o(i.SysTick_Handler) for SysTick_Handler
    startup_stm32f051x8.o(RESET) refers to digital.o(i.EXTI0_1_IRQHandler) for EXTI0_1_IRQHandler
    startup_stm32f051x8.o(RESET) refers to digital.o(i.EXTI2_3_IRQHandler) for EXTI2_3_IRQHandler
    startup_stm32f051x8.o(RESET) refers to digital.o(i.EXTI4_15_IRQHandler) for EXTI4_15_IRQHandler
    startup_stm32f051x8.o(RESET) refers to timer.o(i.TIM1_BRK_UP_TRG_COM_IRQHandler) for TIM1_BRK_UP_TRG_COM_IRQHandler
    startup_stm32f051x8.o(RESET) refers to timer.o(i.TIM2_IRQHandler) for TIM2_IRQHandler
    startup_stm32f051x8.o(RESET) refers to timer.o(i.TIM3_IRQHandler) for TIM3_IRQHandler
    startup_stm32f051x8.o(RESET) refers to timer.o(i.TIM6_DAC_IRQHandler) for TIM6_DAC_IRQHandler
    startup_stm32f051x8.o(RESET) refers to timer.o(i.TIM14_IRQHandler) for TIM14_IRQHandler
    startup_stm32f051x8.o(RESET) refers to timer.o(i.TIM15_IRQHandler) for TIM15_IRQHandler
    startup_stm32f051x8.o(RESET) refers to timer.o(i.TIM16_IRQHandler) for TIM16_IRQHandler
    startup_stm32f051x8.o(RESET) refers to timer.o(i.TIM17_IRQHandler) for TIM17_IRQHandler
    startup_stm32f051x8.o(RESET) refers to i2c.o(i.I2C1_IRQHandler) for I2C1_IRQHandler
    startup_stm32f051x8.o(RESET) refers to i2c.o(i.I2C2_IRQHandler) for I2C2_IRQHandler
    startup_stm32f051x8.o(RESET) refers to serial.o(i.USART1_IRQHandler) for USART1_IRQHandler
    startup_stm32f051x8.o(RESET) refers to serial.o(i.USART2_IRQHandler) for USART2_IRQHandler
    startup_stm32f051x8.o(.text) refers to system_stm32f0xx.o(i.SystemInit) for SystemInit
    startup_stm32f051x8.o(.text) refers to __main.o(!!!main) for __main
    system_stm32f0xx.o(i.SysTick_Handler) refers to system_stm32f0xx.o(.data) for sysTick
    system_stm32f0xx.o(i.SysTick_Value) refers to system_stm32f0xx.o(.data) for sysTick
    system_stm32f0xx.o(i.SystemCoreClockUpdate) refers to aeabi_sdiv.o(.text) for __aeabi_uidivmod
    system_stm32f0xx.o(i.SystemCoreClockUpdate) refers to system_stm32f0xx.o(.data) for SystemCoreClock
    system_stm32f0xx.o(i.SystemInit) refers to system_stm32f0xx.o(i._Z11SetSysClockv) for SetSysClock()
    system_stm32f0xx.o(i.SystemInit) refers to aeabi_sdiv.o(.text) for __aeabi_uidivmod
    system_stm32f0xx.o(i.SystemInit) refers to system_stm32f0xx.o(i._Z16NVIC_SetPriority4IRQnj) for NVIC_SetPriority(IRQn, unsigned)
    system_stm32f0xx.o(i.SystemInit) refers to system_stm32f0xx.o(.data) for SystemCoreClock
    system_stm32f0xx.o(.ARM.exidx) refers to system_stm32f0xx.o(i._Z11SetSysClockv) for i._Z11SetSysClockv
    system_stm32f0xx.o(.ARM.exidx) refers to system_stm32f0xx.o(i.SystemInit) for i.SystemInit
    system_stm32f0xx.o(.ARM.exidx) refers to system_stm32f0xx.o(i.SystemCoreClockUpdate) for i.SystemCoreClockUpdate
    system_stm32f0xx.o(.ARM.exidx) refers to system_stm32f0xx.o(i.SysTick_Value) for i.SysTick_Value
    system_stm32f0xx.o(.ARM.exidx) refers to system_stm32f0xx.o(i.NMI_Handler) for i.NMI_Handler
    system_stm32f0xx.o(.ARM.exidx) refers to system_stm32f0xx.o(i.HardFault_Handler) for i.HardFault_Handler
    system_stm32f0xx.o(.ARM.exidx) refers to system_stm32f0xx.o(i.SVC_Handler) for i.SVC_Handler
    system_stm32f0xx.o(.ARM.exidx) refers to system_stm32f0xx.o(i.PendSV_Handler) for i.PendSV_Handler
    system_stm32f0xx.o(.ARM.exidx) refers to system_stm32f0xx.o(i.SysTick_Handler) for i.SysTick_Handler
    system_stm32f0xx.o(.ARM.exidx) refers to system_stm32f0xx.o(i._Z16NVIC_SetPriority4IRQnj) for i._Z16NVIC_SetPriority4IRQnj
    sys.o(.ARM.exidx) refers to sys.o(i.__user_setup_stackheap) for i.__user_setup_stackheap
    cmsis_nvic.o(.ARM.exidx) refers to cmsis_nvic.o(i.NVIC_SetVector) for i.NVIC_SetVector
    cmsis_nvic.o(.ARM.exidx) refers to cmsis_nvic.o(i.NVIC_GetVector) for i.NVIC_GetVector
    common.o(.ARM.exidx) refers to common.o(i._Z7bin2bcdh) for i._Z7bin2bcdh
    common.o(.ARM.exidx) refers to common.o(i._Z7bcd2binh) for i._Z7bcd2binh
    circularbuffer.o(.ARM.exidx) refers to circularbuffer.o(i._ZN14CircularBufferC1EPht) for i._ZN14CircularBufferC1EPht
    circularbuffer.o(.ARM.exidx) refers to circularbuffer.o(i._ZN14CircularBuffer5countEv) for i._ZN14CircularBuffer5countEv
[...]
    Removing encoder.o(.ARM.exidx), (8 bytes).
    Removing encoder.o(.ARM.exidx), (8 bytes).
    Removing encoder.o(.constdata), (16 bytes).
    Removing gps.o(.rev16_text), (4 bytes).
    Removing gps.o(.revsh_text), (4 bytes).
    Removing gps.o(i._ZN4GNSS10satellitesEv), (6 bytes).
    Removing gps.o(i._ZN4GNSS3fixEv), (6 bytes).
    Removing gps.o(i._ZN4GNSS4dateEP4Date), (14 bytes).
    Removing gps.o(i._ZN4GNSS4timeEP4Time), (14 bytes).
    Removing gps.o(i._ZN4GNSS5parseEPjPht), (836 bytes).
    Removing gps.o(i._ZN4GNSS5speedEv), (6 bytes).
    Removing gps.o(i._ZN4GNSS6updateEv), (198 bytes).
    Removing gps.o(i._ZN4GNSS8altitudeEv), (6 bytes).
    Removing gps.o(i._ZN4GNSS8positionEPfS0_), (10 bytes).
    Removing gps.o(i._ZN4GNSSC1EP6Serial), (4 bytes).
    Removing gps.o(.ARM.exidx), (8 bytes).
    Removing gps.o(.ARM.exidx), (8 bytes).
    Removing gps.o(.ARM.exidx), (8 bytes).
    Removing gps.o(.ARM.exidx), (8 bytes).
    Removing gps.o(.ARM.exidx), (8 bytes).
    Removing gps.o(.ARM.exidx), (8 bytes).
    Removing gps.o(.ARM.exidx), (8 bytes).
    Removing gps.o(.ARM.exidx), (8 bytes).
    Removing gps.o(.ARM.exidx), (8 bytes).
    Removing gps.o(.ARM.exidx), (8 bytes).
    Removing sevenseg.o(.rev16_text), (4 bytes).
    Removing sevenseg.o(.revsh_text), (4 bytes).
    Removing sevenseg.o(i._ZN13SevenSegGroup3setEPhj), (46 bytes).
    Removing sevenseg.o(i._ZN13SevenSegGroup5blinkEhj), (42 bytes).
    Removing sevenseg.o(i._ZN13SevenSegGroup5blinkEj), (40 bytes).
    Removing sevenseg.o(i._ZN13SevenSegGroup5clearEv), (14 bytes).
    Removing sevenseg.o(i._ZN13SevenSegGroup6effectEPhjjj), (48 bytes).
    Removing sevenseg.o(i._ZN13SevenSegGroup6scrollEj), (30 bytes).
    Removing sevenseg.o(i._ZN8SevenSeg3setEj), (28 bytes).
    Removing sevenseg.o(.ARM.exidx), (8 bytes).
    Removing sevenseg.o(.ARM.exidx), (8 bytes).
    Removing sevenseg.o(.ARM.exidx), (8 bytes).
    Removing sevenseg.o(.ARM.exidx), (8 bytes).
    Removing sevenseg.o(.ARM.exidx), (8 bytes).
    Removing sevenseg.o(.ARM.exidx), (8 bytes).
    Removing sevenseg.o(.ARM.exidx), (8 bytes).
    Removing sevenseg.o(.ARM.exidx), (8 bytes).
    Removing sevenseg.o(.ARM.exidx), (8 bytes).
    Removing sevenseg.o(.ARM.exidx), (8 bytes).
    Removing sevenseg.o(.ARM.exidx), (8 bytes).
    Removing sevenseg.o(.ARM.exidx), (8 bytes).
    Removing sevenseg.o(.ARM.exidx), (8 bytes).
    Removing sevenseg.o(.ARM.exidx), (8 bytes).
    Removing sevenseg.o(.ARM.exidx), (8 bytes).
    Removing sevenseg.o(.ARM.exidx), (8 bytes).
    Removing sevenseg.o(.ARM.exidx), (8 bytes).
    Removing timezone.o(.rev16_text), (4 bytes).
    Removing timezone.o(.revsh_text), (4 bytes).
    Removing timezone.o(i._ZN8Timezone6offsetEff), (164 bytes).
    Removing timezone.o(i._ZN8TimezoneC1Ev), (2 bytes).
    Removing timezone.o(.ARM.exidx), (8 bytes).
    Removing timezone.o(.ARM.exidx), (8 bytes).
    Removing timezone.o(.constdata), (43092 bytes).
    Removing gps.o(i.__ARM_common_switch8), (28 bytes).
    Removing gps.o(.ARM.exidx), (8 bytes).

349 unused section(s) (total 52461 bytes) removed from the image.

==============================================================================

Image Symbol Table

    Local Symbols

    Symbol Name                              Value     Ov Type        Size  Object(Section)

    ../clib/angel/boardlib.s                 0x00000000   Number         0  boardshut.o ABSOLUTE
    ../clib/angel/boardlib.s                 0x00000000   Number         0  boardinit1.o ABSOLUTE
    ../clib/angel/boardlib.s                 0x00000000   Number         0  boardinit2.o ABSOLUTE
    ../clib/angel/boardlib.s                 0x00000000   Number         0  boardinit3.o ABSOLUTE
    ../clib/angel/handlers.s                 0x00000000   Number         0  __scatter_zi.o ABSOLUTE
    ../clib/angel/handlers.s                 0x00000000   Number         0  __scatter_copy.o ABSOLUTE
    ../clib/angel/kernel.s                   0x00000000   Number         0  rtexit2.o ABSOLUTE
    ../clib/angel/kernel.s                   0x00000000   Number         0  __rtentry.o ABSOLUTE
    ../clib/angel/kernel.s                   0x00000000   Number         0  __rtentry2.o ABSOLUTE
    ../clib/angel/kernel.s                   0x00000000   Number         0  __rtentry4.o ABSOLUTE
    ../clib/angel/kernel.s                   0x00000000   Number         0  rtexit.o ABSOLUTE
    ../clib/angel/rt.s                       0x00000000   Number         0  rt_div0.o ABSOLUTE
    ../clib/angel/rt.s                       0x00000000   Number         0  aeabi_idiv0_sigfpe.o ABSOLUTE
    ../clib/angel/rt.s                       0x00000000   Number         0  rt_raise.o ABSOLUTE
    ../clib/angel/rt.s                       0x00000000   Number         0  rt_locale.o ABSOLUTE
    ../clib/angel/rt.s                       0x00000000   Number         0  rt_locale_intlibspace.o ABSOLUTE
    ../clib/angel/rt.s                       0x00000000   Number         0  aeabi_idiv0.o ABSOLUTE
    ../clib/angel/rt.s                       0x00000000   Number         0  rt_ctype_table.o ABSOLUTE
    ../clib/angel/scatterp.s                 0x00000000   Number         0  __scatter.o ABSOLUTE
    ../clib/angel/startup.s                  0x00000000   Number         0  __main.o ABSOLUTE
    ../clib/angel/sys.s                      0x00000000   Number         0  indicate_semi.o ABSOLUTE
    ../clib/angel/sys.s                      0x00000000   Number         0  use_no_semi.o ABSOLUTE
    ../clib/angel/sys.s                      0x00000000   Number         0  libspace.o ABSOLUTE
    ../clib/angel/sysapp.c                   0x00000000   Number         0  sys_command.o ABSOLUTE
    ../clib/angel/sysapp.c                   0x00000000   Number         0  sys_exit.o ABSOLUTE
    ../clib/angel/sysapp.c                   0x00000000   Number         0  sys_wrch.o ABSOLUTE
    ../clib/arm_runtime.c                    0x00000000   Number         0  init_aeabi.o ABSOLUTE
    ../clib/arm_runtime.c                    0x00000000   Number         0  init_aeabi.o ABSOLUTE
    ../clib/armsys.c                         0x00000000   Number         0  argv_veneer.o ABSOLUTE
    ../clib/armsys.c                         0x00000000   Number         0  no_argv.o ABSOLUTE
    ../clib/armsys.c                         0x00000000   Number         0  _get_argv_nomalloc.o ABSOLUTE
    ../clib/division.c                       0x00000000   Number         0  rtudiv10.o ABSOLUTE
    ../clib/division.s                       0x00000000   Number         0  aeabi_sdiv_div0.o ABSOLUTE
    ../clib/division.s                       0x00000000   Number         0  aeabi_sdiv.o ABSOLUTE
    ../clib/heapalloc.c                      0x00000000   Number         0  hrguard.o ABSOLUTE
    ../clib/libinit.s                        0x00000000   Number         0  libinit2.o ABSOLUTE
    ../clib/libinit.s                        0x00000000   Number         0  libshutdown2.o ABSOLUTE
    ../clib/libinit.s                        0x00000000   Number         0  libinit.o ABSOLUTE
    ../clib/libinit.s                        0x00000000   Number         0  libshutdown.o ABSOLUTE
    ../clib/locale.c                         0x00000000   Number         0  _wcrtomb.o ABSOLUTE
    ../clib/locale.s                         0x00000000   Number         0  lc_ctype_c.o ABSOLUTE
    ../clib/memcpset.c                       0x00000000   Number         0  rt_memclr.o ABSOLUTE
    ../clib/misc.s                           0x00000000   Number         0  printf_stubs.o ABSOLUTE
    ../clib/printf.c                         0x00000000   Number         0  __printf.o ABSOLUTE
    ../clib/printf.c                         0x00000000   Number         0  _printf_pad.o ABSOLUTE
    ../clib/printf.c                         0x00000000   Number         0  __printf_ss_wp.o ABSOLUTE
    ../clib/printf.c                         0x00000000   Number         0  _printf_truncate.o ABSOLUTE
    ../clib/printf.c                         0x00000000   Number         0  _printf_str.o ABSOLUTE
    ../clib/printf.c                         0x00000000   Number         0  __printf_flags_wp.o ABSOLUTE
    ../clib/printf.c                         0x00000000   Number         0  __printf_wp.o ABSOLUTE
    ../clib/printf.c                         0x00000000   Number         0  _printf_hex_int_ll.o ABSOLUTE
    ../clib/printf.c                         0x00000000   Number         0  _printf_hex_ptr.o ABSOLUTE
    ../clib/printf.c                         0x00000000   Number         0  _printf_hex_int_ptr.o ABSOLUTE
    ../clib/printf.c                         0x00000000   Number         0  _printf_hex_ll_ptr.o ABSOLUTE
    ../clib/printf.c                         0x00000000   Number         0  _printf_hex_int_ll_ptr.o ABSOLUTE
    ../clib/printf.c                         0x00000000   Number         0  __printf_flags.o ABSOLUTE
    ../clib/printf.c                         0x00000000   Number         0  __printf_ss.o ABSOLUTE
    ../clib/printf.c                         0x00000000   Number         0  _printf_dec.o ABSOLUTE
    ../clib/printf.c                         0x00000000   Number         0  _printf_wctomb.o ABSOLUTE
    ../clib/printf.c                         0x00000000   Number         0  _printf_oct_ll.o ABSOLUTE
    ../clib/printf.c                         0x00000000   Number         0  _printf_oct_int.o ABSOLUTE
    ../clib/printf.c                         0x00000000   Number         0  _printf_oct_int_ll.o ABSOLUTE
    ../clib/printf.c                         0x00000000   Number         0  _printf_hex_ll.o ABSOLUTE
    ../clib/printf.c                         0x00000000   Number         0  _printf_hex_int.o ABSOLUTE
    ../clib/printf.c                         0x00000000   Number         0  __printf_nopercent.o ABSOLUTE
    ../clib/printf.c                         0x00000000   Number         0  __printf_flags_ss_wp.o ABSOLUTE
    ../clib/printf.c                         0x00000000   Number         0  _printf_wchar.o ABSOLUTE
    ../clib/printf.c                         0x00000000   Number         0  _printf_char.o ABSOLUTE
    ../clib/printf.c                         0x00000000   Number         0  _sputc.o ABSOLUTE
    ../clib/printf.c                         0x00000000   Number         0  _printf_char_common.o ABSOLUTE
    ../clib/printf.c                         0x00000000   Number         0  _printf_intcommon.o ABSOLUTE
    ../clib/printf.c                         0x00000000   Number         0  noretval__2sprintf.o ABSOLUTE
    ../clib/printf.c                         0x00000000   Number         0  __printf_flags_ss.o ABSOLUTE
    ../clib/printf.c                         0x00000000   Number         0  __2sprintf.o ABSOLUTE
    ../clib/printf_percent.s                 0x00000000   Number         0  _printf_i.o ABSOLUTE
    ../clib/printf_percent.s                 0x00000000   Number         0  _printf_o.o ABSOLUTE
    ../clib/printf_percent.s                 0x00000000   Number         0  _printf_l.o ABSOLUTE
    ../clib/printf_percent.s                 0x00000000   Number         0  _printf_u.o ABSOLUTE
    ../clib/printf_percent.s                 0x00000000   Number         0  _printf_c.o ABSOLUTE
    ../clib/printf_percent.s                 0x00000000   Number         0  _printf_d.o ABSOLUTE
    ../clib/printf_percent.s                 0x00000000   Number         0  _printf_x.o ABSOLUTE
    ../clib/printf_percent.s                 0x00000000   Number         0  _printf_percent.o ABSOLUTE
    ../clib/printf_percent.s                 0x00000000   Number         0  _printf_percent_end.o ABSOLUTE
    ../clib/printf_percent.s                 0x00000000   Number         0  _printf_lc.o ABSOLUTE
    ../clib/signal.c                         0x00000000   Number         0  defsig_fpe_inner.o ABSOLUTE
    ../clib/signal.c                         0x00000000   Number         0  defsig_exit.o ABSOLUTE
    ../clib/signal.c                         0x00000000   Number         0  defsig_fpe_outer.o ABSOLUTE
    ../clib/signal.c                         0x00000000   Number         0  defsig_fpe_formal.o ABSOLUTE
    ../clib/signal.c                         0x00000000   Number         0  defsig_other.o ABSOLUTE
    ../clib/signal.c                         0x00000000   Number         0  defsig_segv_inner.o ABSOLUTE
    ../clib/signal.c                         0x00000000   Number         0  defsig_cppl_inner.o ABSOLUTE
    ../clib/signal.c                         0x00000000   Number         0  defsig_pvfn_inner.o ABSOLUTE
    ../clib/signal.c                         0x00000000   Number         0  defsig_stak_inner.o ABSOLUTE
    ../clib/signal.c                         0x00000000   Number         0  defsig_rtred_inner.o ABSOLUTE
    ../clib/signal.c                         0x00000000   Number         0  defsig_abrt_inner.o ABSOLUTE
    ../clib/signal.c                         0x00000000   Number         0  defsig_general.o ABSOLUTE
    ../clib/signal.c                         0x00000000   Number         0  __raise.o ABSOLUTE
    ../clib/signal.c                         0x00000000   Number         0  defsig_rtmem_inner.o ABSOLUTE
    ../clib/signal.c                         0x00000000   Number         0  defsig_rtmem_formal.o ABSOLUTE
    ../clib/signal.c                         0x00000000   Number         0  defsig_rtmem_outer.o ABSOLUTE
    ../clib/signal.s                         0x00000000   Number         0  defsig.o ABSOLUTE
    ../clib/stdlib.c                         0x00000000   Number         0  exit.o ABSOLUTE
    ../clib/string.c                         0x00000000   Number         0  strcmp.o ABSOLUTE
    ../fplib/cfplib/d2f.c                    0x00000000   Number         0  d2f.o ABSOLUTE
    ../fplib/cfplib/daddsub.c                0x00000000   Number         0  daddsub.o ABSOLUTE
    ../fplib/cfplib/dmul.c                   0x00000000   Number         0  dmul.o ABSOLUTE
    ../fplib/cfplib/f2d.c                    0x00000000   Number         0  f2d.o ABSOLUTE
    ../fplib/cfplib/fdiv.c                   0x00000000   Number         0  fdiv.o ABSOLUTE
    ../fplib/cfplib/ffix.c                   0x00000000   Number         0  ffixui.o ABSOLUTE
    ../fplib/cfplib/fflt.c                   0x00000000   Number         0  dflti.o ABSOLUTE
    ../fplib/cfplib/fflt.c                   0x00000000   Number         0  fflti.o ABSOLUTE
    ../fplib/cfplib/fpinit.c                 0x00000000   Number         0  fpinit.o ABSOLUTE
    ../fplib/faddsub6m.s                     0x00000000   Number         0  faddsub.o ABSOLUTE
    ../fplib/fmul6m.s                        0x00000000   Number         0  fmul.o ABSOLUTE
    ../fplib/usenofp.s                       0x00000000   Number         0  usenofp.o ABSOLUTE
    dc.s                                     0x00000000   Number         0  dc.o ABSOLUTE
    lib\\api\\src\\Analog.cpp                0x00000000   Number         0  analog.o ABSOLUTE
    lib\\api\\src\\CircularBuffer.cpp        0x00000000   Number         0  circularbuffer.o ABSOLUTE
    lib\\api\\src\\Common.c                  0x00000000   Number         0  common.o ABSOLUTE
    lib\\api\\src\\Delay.c                   0x00000000   Number         0  delay.o ABSOLUTE
    lib\\api\\src\\Digital.cpp               0x00000000   Number         0  digital.o ABSOLUTE
    lib\\api\\src\\GPIO.cpp                  0x00000000   Number         0  gpio.o ABSOLUTE
    lib\\api\\src\\I2C.cpp                   0x00000000   Number         0  i2c.o ABSOLUTE
    lib\\api\\src\\Memory.cpp                0x00000000   Number         0  memory.o ABSOLUTE
    lib\\api\\src\\Power.cpp                 0x00000000   Number         0  power.o ABSOLUTE
    lib\\api\\src\\RTC.cpp                   0x00000000   Number         0  rtc.o ABSOLUTE
    lib\\api\\src\\SPI.cpp                   0x00000000   Number         0  spi.o ABSOLUTE
    lib\\api\\src\\Serial.cpp                0x00000000   Number         0  serial.o ABSOLUTE
    lib\\api\\src\\Timer.cpp                 0x00000000   Number         0  timer.o ABSOLUTE
    lib\\api\\src\\Watchdog.cpp              0x00000000   Number         0  watchdog.o ABSOLUTE
    lib\\cmsis\\src\\cmsis_nvic.c            0x00000000   Number         0  cmsis_nvic.o ABSOLUTE
    lib\\misc\\src\\Brightness.cpp           0x00000000   Number         0  brightness.o ABSOLUTE
    lib\\misc\\src\\Button.cpp               0x00000000   Number         0  button.o ABSOLUTE
    lib\\misc\\src\\DS3231.cpp               0x00000000   Number         0  ds3231.o ABSOLUTE
    lib\\misc\\src\\Encoder.cpp              0x00000000   Number         0  encoder.o ABSOLUTE
    lib\\misc\\src\\GPS.cpp                  0x00000000   Number         0  gps.o ABSOLUTE
    lib\\misc\\src\\SevenSeg.cpp             0x00000000   Number         0  sevenseg.o ABSOLUTE
    lib\\misc\\src\\Timezone.cpp             0x00000000   Number         0  timezone.o ABSOLUTE
    lib\\system\\src\\system_stm32f0xx.c     0x00000000   Number         0  system_stm32f0xx.o ABSOLUTE
    lib\api\src\Analog.cpp                   0x00000000   Number         0  analog.o ABSOLUTE
    lib\api\src\CircularBuffer.cpp           0x00000000   Number         0  circularbuffer.o ABSOLUTE
    lib\api\src\Common.c                     0x00000000   Number         0  common.o ABSOLUTE
    lib\api\src\Delay.c                      0x00000000   Number         0  delay.o ABSOLUTE
    lib\api\src\Digital.cpp                  0x00000000   Number         0  digital.o ABSOLUTE
    lib\api\src\GPIO.cpp                     0x00000000   Number         0  gpio.o ABSOLUTE
    lib\api\src\I2C.cpp                      0x00000000   Number         0  i2c.o ABSOLUTE
    lib\api\src\Memory.cpp                   0x00000000   Number         0  memory.o ABSOLUTE
    lib\api\src\Power.cpp                    0x00000000   Number         0  power.o ABSOLUTE
    lib\api\src\RTC.cpp                      0x00000000   Number         0  rtc.o ABSOLUTE
    lib\api\src\SPI.cpp                      0x00000000   Number         0  spi.o ABSOLUTE
    lib\api\src\Serial.cpp                   0x00000000   Number         0  serial.o ABSOLUTE
    lib\api\src\Timer.cpp                    0x00000000   Number         0  timer.o ABSOLUTE
    lib\api\src\Watchdog.cpp                 0x00000000   Number         0  watchdog.o ABSOLUTE
    lib\cmsis\src\cmsis_nvic.c               0x00000000   Number         0  cmsis_nvic.o ABSOLUTE
    lib\misc\src\Brightness.cpp              0x00000000   Number         0  brightness.o ABSOLUTE
    lib\misc\src\Button.cpp                  0x00000000   Number         0  button.o ABSOLUTE
    lib\misc\src\DS3231.cpp                  0x00000000   Number         0  ds3231.o ABSOLUTE
    lib\misc\src\Encoder.cpp                 0x00000000   Number         0  encoder.o ABSOLUTE
    lib\misc\src\GPS.cpp                     0x00000000   Number         0  gps.o ABSOLUTE
    lib\misc\src\SevenSeg.cpp                0x00000000   Number         0  sevenseg.o ABSOLUTE
    lib\misc\src\Timezone.cpp                0x00000000   Number         0  timezone.o ABSOLUTE
    lib\system\src\startup_stm32f051x8.s     0x00000000   Number         0  startup_stm32f051x8.o ABSOLUTE
    lib\system\src\sys.cpp                   0x00000000   Number         0  sys.o ABSOLUTE
    lib\system\src\system_stm32f0xx.c        0x00000000   Number         0  system_stm32f0xx.o ABSOLUTE
    src\Config.cpp                           0x00000000   Number         0  config.o ABSOLUTE
    src\\Config.cpp                          0x00000000   Number         0  config.o ABSOLUTE
    src\\main.c                              0x00000000   Number         0  main.o ABSOLUTE
    src\main.c                               0x00000000   Number         0  main.o ABSOLUTE
    RESET                                    0x08000000   Section      188  startup_stm32f051x8.o(RESET)
    !!!main                                  0x080000bc   Section        8  __main.o(!!!main)
    !!!scatter                               0x080000c4   Section       60  __scatter.o(!!!scatter)
    !!handler_copy                           0x08000100   Section       26  __scatter_copy.o(!!handler_copy)
    !!handler_zi                             0x0800011c   Section       28  __scatter_zi.o(!!handler_zi)
    .ARM.Collect$$_printf_percent$$00000000  0x08000138   Section        2  _printf_percent.o(.ARM.Collect$$_printf_percent$$00000000)
    .ARM.Collect$$_printf_percent$$00000008  0x0800013a   Section       10  _printf_i.o(.ARM.Collect$$_printf_percent$$00000008)
    .ARM.Collect$$_printf_percent$$00000009  0x08000144   Section       10  _printf_d.o(.ARM.Collect$$_printf_percent$$00000009)
    .ARM.Collect$$_printf_percent$$0000000A  0x0800014e   Section       10  _printf_u.o(.ARM.Collect$$_printf_percent$$0000000A)
    .ARM.Collect$$_printf_percent$$0000000B  0x08000158   Section       10  _printf_o.o(.ARM.Collect$$_printf_percent$$0000000B)
    .ARM.Collect$$_printf_percent$$0000000C  0x08000162   Section       10  _printf_x.o(.ARM.Collect$$_printf_percent$$0000000C)
    .ARM.Collect$$_printf_percent$$00000012  0x0800016c   Section       10  _printf_l.o(.ARM.Collect$$_printf_percent$$00000012)
    .ARM.Collect$$_printf_percent$$00000013  0x08000176   Section       10  _printf_c.o(.ARM.Collect$$_printf_percent$$00000013)
    .ARM.Collect$$_printf_percent$$00000015  0x08000180   Section       10  _printf_lc.o(.ARM.Collect$$_printf_percent$$00000015)
    .ARM.Collect$$_printf_percent$$00000017  0x0800018a   Section        4  _printf_percent_end.o(.ARM.Collect$$_printf_percent$$00000017)
    .ARM.Collect$$libinit$$00000000          0x0800018e   Section        2  libinit.o(.ARM.Collect$$libinit$$00000000)
    .ARM.Collect$$libinit$$00000002          0x08000190   Section        0  libinit2.o(.ARM.Collect$$libinit$$00000002)
    .ARM.Collect$$libinit$$00000004          0x08000190   Section        0  libinit2.o(.ARM.Collect$$libinit$$00000004)
    .ARM.Collect$$libinit$$0000000A          0x08000190   Section        0  libinit2.o(.ARM.Collect$$libinit$$0000000A)
    .ARM.Collect$$libinit$$0000000C          0x08000190   Section        0  libinit2.o(.ARM.Collect$$libinit$$0000000C)
    .ARM.Collect$$libinit$$0000000E          0x08000190   Section        0  libinit2.o(.ARM.Collect$$libinit$$0000000E)
    .ARM.Collect$$libinit$$0000000F          0x08000190   Section        6  libinit2.o(.ARM.Collect$$libinit$$0000000F)
    .ARM.Collect$$libinit$$00000011          0x08000196   Section        0  libinit2.o(.ARM.Collect$$libinit$$00000011)
    .ARM.Collect$$libinit$$00000012          0x08000196   Section       12  libinit2.o(.ARM.Collect$$libinit$$00000012)
    .ARM.Collect$$libinit$$00000013          0x080001a2   Section        0  libinit2.o(.ARM.Collect$$libinit$$00000013)
    .ARM.Collect$$libinit$$00000015          0x080001a2   Section        0  libinit2.o(.ARM.Collect$$libinit$$00000015)
    .ARM.Collect$$libinit$$00000017          0x080001a2   Section        0  libinit2.o(.ARM.Collect$$libinit$$00000017)
    .ARM.Collect$$libinit$$00000019          0x080001a2   Section        0  libinit2.o(.ARM.Collect$$libinit$$00000019)
    .ARM.Collect$$libinit$$0000001B          0x080001a2   Section        0  libinit2.o(.ARM.Collect$$libinit$$0000001B)
    .ARM.Collect$$libinit$$0000001D          0x080001a2   Section        0  libinit2.o(.ARM.Collect$$libinit$$0000001D)
    .ARM.Collect$$libinit$$0000001F          0x080001a2   Section        0  libinit2.o(.ARM.Collect$$libinit$$0000001F)
    .ARM.Collect$$libinit$$00000021          0x080001a2   Section        0  libinit2.o(.ARM.Collect$$libinit$$00000021)
    .ARM.Collect$$libinit$$00000023          0x080001a2   Section        0  libinit2.o(.ARM.Collect$$libinit$$00000023)
    .ARM.Collect$$libinit$$00000025          0x080001a2   Section        0  libinit2.o(.ARM.Collect$$libinit$$00000025)
    .ARM.Collect$$libinit$$0000002C          0x080001a2   Section        0  libinit2.o(.ARM.Collect$$libinit$$0000002C)
    .ARM.Collect$$libinit$$0000002E          0x080001a2   Section        0  libinit2.o(.ARM.Collect$$libinit$$0000002E)
    .ARM.Collect$$libinit$$00000030          0x080001a2   Section        0  libinit2.o(.ARM.Collect$$libinit$$00000030)
    .ARM.Collect$$libinit$$00000031          0x080001a2   Section        4  libinit2.o(.ARM.Collect$$libinit$$00000031)
    .ARM.Collect$$libinit$$00000032          0x080001a6   Section        0  libinit2.o(.ARM.Collect$$libinit$$00000032)
    .ARM.Collect$$libinit$$00000033          0x080001a6   Section        2  libinit2.o(.ARM.Collect$$libinit$$00000033)
    .ARM.Collect$$libshutdown$$00000000      0x080001a8   Section        2  libshutdown.o(.ARM.Collect$$libshutdown$$00000000)
    .ARM.Collect$$libshutdown$$00000002      0x080001aa   Section        0  libshutdown2.o(.ARM.Collect$$libshutdown$$00000002)
    .ARM.Collect$$libshutdown$$00000004      0x080001aa   Section        0  libshutdown2.o(.ARM.Collect$$libshutdown$$00000004)
    .ARM.Collect$$libshutdown$$00000007      0x080001aa   Section        0  libshutdown2.o(.ARM.Collect$$libshutdown$$00000007)
    .ARM.Collect$$libshutdown$$0000000A      0x080001aa   Section        0  libshutdown2.o(.ARM.Collect$$libshutdown$$0000000A)
    .ARM.Collect$$libshutdown$$0000000C      0x080001aa   Section        0  libshutdown2.o(.ARM.Collect$$libshutdown$$0000000C)
    .ARM.Collect$$libshutdown$$0000000F      0x080001aa   Section        0  libshutdown2.o(.ARM.Collect$$libshutdown$$0000000F)
    .ARM.Collect$$libshutdown$$00000010      0x080001aa   Section        2  libshutdown2.o(.ARM.Collect$$libshutdown$$00000010)
    .ARM.Collect$$rtentry$$00000000          0x080001ac   Section        0  __rtentry.o(.ARM.Collect$$rtentry$$00000000)
    .ARM.Collect$$rtentry$$00000002          0x080001ac   Section        0  __rtentry2.o(.ARM.Collect$$rtentry$$00000002)
    .ARM.Collect$$rtentry$$00000004          0x080001ac   Section        6  __rtentry4.o(.ARM.Collect$$rtentry$$00000004)
    .ARM.Collect$$rtentry$$00000009          0x080001b2   Section        0  __rtentry2.o(.ARM.Collect$$rtentry$$00000009)
    .ARM.Collect$$rtentry$$0000000A          0x080001b2   Section        4  __rtentry2.o(.ARM.Collect$$rtentry$$0000000A)
    .ARM.Collect$$rtentry$$0000000C          0x080001b6   Section        0  __rtentry2.o(.ARM.Collect$$rtentry$$0000000C)
    .ARM.Collect$$rtentry$$0000000D          0x080001b6   Section        8  __rtentry2.o(.ARM.Collect$$rtentry$$0000000D)
    .ARM.Collect$$rtexit$$00000000           0x080001be   Section        2  rtexit.o(.ARM.Collect$$rtexit$$00000000)
    .ARM.Collect$$rtexit$$00000002           0x080001c0   Section        0  rtexit2.o(.ARM.Collect$$rtexit$$00000002)
    .ARM.Collect$$rtexit$$00000003           0x080001c0   Section        4  rtexit2.o(.ARM.Collect$$rtexit$$00000003)
    .ARM.Collect$$rtexit$$00000004           0x080001c4   Section        6  rtexit2.o(.ARM.Collect$$rtexit$$00000004)
    .text                                    0x080001cc   Section       28  startup_stm32f051x8.o(.text)
    .text                                    0x080001e8   Section        0  noretval__2sprintf.o(.text)
    .text                                    0x08000210   Section        0  _printf_pad.o(.text)
    .text                                    0x0800025e   Section        0  _printf_truncate.o(.text)
    .text                                    0x08000282   Section        0  _printf_str.o(.text)
    .text                                    0x080002d4   Section        0  _printf_dec.o(.text)
    .text                                    0x08000340   Section        0  _printf_wctomb.o(.text)
    .text                                    0x080003fc   Section        0  _printf_oct_int.o(.text)
    .text                                    0x0800044c   Section        0  _printf_hex_int.o(.text)
    .text                                    0x080004a4   Section        0  __printf_flags_ss_wp.o(.text)
    .text                                    0x0800062c   Section      346  aeabi_sdiv.o(.text)
    .text                                    0x08000788   Section        0  init_aeabi.o(.text)
    .text                                    0x080007ac   Section        0  _printf_intcommon.o(.text)
    .text                                    0x0800085c   Section        0  _printf_char_common.o(.text)
    _printf_input_char                       0x0800085d   Thumb Code    10  _printf_char_common.o(.text)
    .text                                    0x0800088c   Section        0  _sputc.o(.text)
    .text                                    0x08000896   Section        0  _printf_char.o(.text)
    .text                                    0x080008c4   Section        0  _printf_wchar.o(.text)
    .text                                    0x080008f2   Section        0  _wcrtomb.o(.text)
    .text                                    0x08000932   Section        0  rtudiv10.o(.text)
    .text                                    0x0800095c   Section       16  rt_ctype_table.o(.text)
    .text                                    0x0800096c   Section        8  rt_locale.o(.text)
    .text                                    0x08000974   Section        0  exit.o(.text)
    .text                                    0x08000984   Section        0  strcmp.o(.text)
    .text                                    0x08000a0c   Section        0  sys_exit.o(.text)
    .text                                    0x08000a18   Section        2  use_no_semi.o(.text)
    .text                                    0x08000a1a   Section        0  indicate_semi.o(.text)
    i.EXTI0_1_IRQHandler                     0x08000a1c   Section        0  digital.o(i.EXTI0_1_IRQHandler)
    i.EXTI2_3_IRQHandler                     0x08000a60   Section        0  digital.o(i.EXTI2_3_IRQHandler)
    i.EXTI4_15_IRQHandler                    0x08000aa4   Section        0  digital.o(i.EXTI4_15_IRQHandler)
    i.HardFault_Handler                      0x08000ae8   Section        0  system_stm32f0xx.o(i.HardFault_Handler)
    i.I2C1_IRQHandler                        0x08000aec   Section        0  i2c.o(i.I2C1_IRQHandler)
    i.I2C2_IRQHandler                        0x08000c20   Section        0  i2c.o(i.I2C2_IRQHandler)
    i.NMI_Handler                            0x08000d54   Section        0  system_stm32f0xx.o(i.NMI_Handler)
    i.PendSV_Handler                         0x08000d56   Section        0  system_stm32f0xx.o(i.PendSV_Handler)
    i.SVC_Handler                            0x08000d58   Section        0  system_stm32f0xx.o(i.SVC_Handler)
    i.SysTick_Handler                        0x08000d5c   Section        0  system_stm32f0xx.o(i.SysTick_Handler)
    i.SysTick_Value                          0x08000d6c   Section        0  system_stm32f0xx.o(i.SysTick_Value)
    i.SystemInit                             0x08000d78   Section        0  system_stm32f0xx.o(i.SystemInit)
    i.TIM14_IRQHandler                       0x08000e48   Section        0  timer.o(i.TIM14_IRQHandler)
    i.TIM15_IRQHandler                       0x08000e7c   Section        0  timer.o(i.TIM15_IRQHandler)
    i.TIM16_IRQHandler                       0x08000eb0   Section        0  timer.o(i.TIM16_IRQHandler)
    i.TIM17_IRQHandler                       0x08000ee4   Section        0  timer.o(i.TIM17_IRQHandler)
    i.TIM1_BRK_UP_TRG_COM_IRQHandler         0x08000f18   Section        0  timer.o(i.TIM1_BRK_UP_TRG_COM_IRQHandler)
    i.TIM2_IRQHandler                        0x08000f4c   Section        0  timer.o(i.TIM2_IRQHandler)
    i.TIM3_IRQHandler                        0x08000f80   Section        0  timer.o(i.TIM3_IRQHandler)
    i.TIM6_DAC_IRQHandler                    0x08000fb4   Section        0  timer.o(i.TIM6_DAC_IRQHandler)
    i.USART1_IRQHandler                      0x08000fe8   Section        0  serial.o(i.USART1_IRQHandler)
    i.USART2_IRQHandler                      0x08001058   Section        0  serial.o(i.USART2_IRQHandler)
    i._Z11SetSysClockv                       0x080010c8   Section        0  system_stm32f0xx.o(i._Z11SetSysClockv)
    SetSysClock()                            0x080010c9   Thumb Code   118  system_stm32f0xx.o(i._Z11SetSysClockv)
    i._Z16NVIC_SetPriority4IRQnj             0x08001148   Section        0  system_stm32f0xx.o(i._Z16NVIC_SetPriority4IRQnj)
    NVIC_SetPriority(IRQn, unsigned)         0x08001149   Thumb Code   110  system_stm32f0xx.o(i._Z16NVIC_SetPriority4IRQnj)
    i._Z16NVIC_SetPriority4IRQnj             0x080011c0   Section        0  timer.o(i._Z16NVIC_SetPriority4IRQnj)
    NVIC_SetPriority(IRQn, unsigned)         0x080011c1   Thumb Code   110  timer.o(i._Z16NVIC_SetPriority4IRQnj)
    i._Z16NVIC_SetPriority4IRQnj             0x08001238   Section        0  i2c.o(i._Z16NVIC_SetPriority4IRQnj)
    NVIC_SetPriority(IRQn, unsigned)         0x08001239   Thumb Code   110  i2c.o(i._Z16NVIC_SetPriority4IRQnj)
    i._Z5Delayj                              0x080012b0   Section        0  delay.o(i._Z5Delayj)
    i._Z7tickMCUv                            0x080012cc   Section        0  main.o(i._Z7tickMCUv)
    i._ZN10Brightness3setEh                  0x0800130c   Section        0  brightness.o(i._ZN10Brightness3setEh)
    i._ZN10BrightnessC1E7PinNamejP11TIM_TypeDef12TimerChannel 0x08001330   Section        0  brightness.o(i._ZN10BrightnessC1E7PinNamejP11TIM_TypeDef12TimerChannel)
    i._ZN10DigitalOutC1E7PinName             0x0800135a   Section        0  digital.o(i._ZN10DigitalOutC1E7PinName)
    i._ZN10DigitalOutaSEj                    0x08001388   Section        0  digital.o(i._ZN10DigitalOutaSEj)
    i._ZN13SevenSegGroup3addEP8SevenSeg      0x0800139a   Section        0  sevenseg.o(i._ZN13SevenSegGroup3addEP8SevenSeg)
    i._ZN13SevenSegGroup3setEi               0x080013c4   Section        0  sevenseg.o(i._ZN13SevenSegGroup3setEi)
    i._ZN13SevenSegGroup5timerEv             0x080013f4   Section        0  sevenseg.o(i._ZN13SevenSegGroup5timerEv)
    i._ZN13SevenSegGroup6updateEv            0x0800142c   Section        0  sevenseg.o(i._ZN13SevenSegGroup6updateEv)
    i._ZN13SevenSegGroupC1Ev                 0x080015a0   Section        0  sevenseg.o(i._ZN13SevenSegGroupC1Ev)
    i._ZN14CircularBuffer3getEv              0x080015b0   Section        0  circularbuffer.o(i._ZN14CircularBuffer3getEv)
    i._ZN14CircularBuffer3putEh              0x080015d0   Section        0  circularbuffer.o(i._ZN14CircularBuffer3putEh)
    i._ZN14CircularBuffer5countEv            0x080015f0   Section        0  circularbuffer.o(i._ZN14CircularBuffer5countEv)
    i._ZN14CircularBuffer5flushEv            0x080015f6   Section        0  circularbuffer.o(i._ZN14CircularBuffer5flushEv)
    i._ZN14CircularBufferC1EPht              0x08001600   Section        0  circularbuffer.o(i._ZN14CircularBufferC1EPht)
    i._ZN3I2C4busyEv                         0x08001610   Section        0  i2c.o(i._ZN3I2C4busyEv)
    i._ZN3I2C5writeEhPhh                     0x0800162c   Section        0  i2c.o(i._ZN3I2C5writeEhPhh)
    i._ZN3I2CC1EP11I2C_TypeDef7PinNameS2_    0x080016a8   Section        0  i2c.o(i._ZN3I2CC1EP11I2C_TypeDef7PinNameS2_)
    i._ZN4GPIO2afE5PinAF                     0x0800187c   Section        0  gpio.o(i._ZN4GPIO2afE5PinAF)
    i._ZN4GPIO4modeE7PinMode                 0x080018b8   Section        0  gpio.o(i._ZN4GPIO4modeE7PinMode)
    i._ZN4GPIO4pullE7PinPull                 0x080018e0   Section        0  gpio.o(i._ZN4GPIO4pullE7PinPull)
    i._ZN4GPIO4readEv                        0x08001908   Section        0  gpio.o(i._ZN4GPIO4readEv)
    i._ZN4GPIO4typeE7PinType                 0x0800191e   Section        0  gpio.o(i._ZN4GPIO4typeE7PinType)
    i._ZN4GPIO5clockEj                       0x08001944   Section        0  gpio.o(i._ZN4GPIO5clockEj)
    i._ZN4GPIO5writeEj                       0x080019ac   Section        0  gpio.o(i._ZN4GPIO5writeEj)
    i._ZN4GPIOC1E7PinName7PinMode            0x080019c0   Section        0  gpio.o(i._ZN4GPIOC1E7PinName7PinMode)
    i._ZN5Timer5startEv                      0x080019f0   Section        0  timer.o(i._ZN5Timer5startEv)
    i._ZN5Timer6attachEPFvvE                 0x08001a00   Section        0  timer.o(i._ZN5Timer6attachEPFvvE)
    i._ZN5TimerC1EP11TIM_TypeDef             0x08001ac0   Section        0  timer.o(i._ZN5TimerC1EP11TIM_TypeDef)
    i._ZN6Button3getEv                       0x08001bf0   Section        0  button.o(i._ZN6Button3getEv)
    i._ZN6Button5timerEv                     0x08001bfc   Section        0  button.o(i._ZN6Button5timerEv)
    i._ZN6Button6updateEv                    0x08001c10   Section        0  button.o(i._ZN6Button6updateEv)
    i._ZN6ButtonC1E7PinName                  0x08001ca6   Section        0  button.o(i._ZN6ButtonC1E7PinName)
    i._ZN6PwmOut5writeEh                     0x08001cc6   Section        0  timer.o(i._ZN6PwmOut5writeEh)
    i._ZN6PwmOutC1E7PinNamejP11TIM_TypeDef12TimerChannel 0x08001cfc   Section        0  timer.o(i._ZN6PwmOutC1E7PinNamejP11TIM_TypeDef12TimerChannel)
    i._ZN6Ticker9attach_usEPFvvEj            0x08001e90   Section        0  timer.o(i._ZN6Ticker9attach_usEPFvvEj)
    i._ZN6TickerC1EP11TIM_TypeDef            0x08001ed4   Section        0  timer.o(i._ZN6TickerC1EP11TIM_TypeDef)
    i._ZN8SevenSeg2onEv                      0x08001ee8   Section        0  sevenseg.o(i._ZN8SevenSeg2onEv)
    i._ZN8SevenSeg3offEv                     0x08001ef6   Section        0  sevenseg.o(i._ZN8SevenSeg3offEv)
    i._ZN8SevenSeg3setEh                     0x08001f04   Section        0  sevenseg.o(i._ZN8SevenSeg3setEh)
    i._ZN8SevenSeg8segmentsEh                0x08001f20   Section        0  sevenseg.o(i._ZN8SevenSeg8segmentsEh)
    i._ZN8SevenSegC1EP10DigitalOutS1_        0x08001f54   Section        0  sevenseg.o(i._ZN8SevenSegC1EP10DigitalOutS1_)
    i.__sti___10_Config_cpp_ticker           0x08001f70   Section        0  config.o(i.__sti___10_Config_cpp_ticker)
    __sti___10_Config_cpp_ticker             0x08001f71   Thumb Code   250  config.o(i.__sti___10_Config_cpp_ticker)
    i.__user_setup_stackheap                 0x080020b8   Section        0  sys.o(i.__user_setup_stackheap)
    i._is_digit                              0x080020d8   Section        0  __printf_wp.o(i._is_digit)
    i.main                                   0x080020e8   Section        0  main.o(i.main)
    locale$$code                             0x0800226c   Section       44  lc_ctype_c.o(locale$$code)
    .constdata                               0x08002298   Section      101  brightness.o(.constdata)
    cie                                      0x08002298   Data         101  brightness.o(.constdata)
    .constdata                               0x080022fd   Section      128  sevenseg.o(.constdata)
    digitAsciiMap                            0x080022fd   Data         128  sevenseg.o(.constdata)
    .constdata                               0x08002380   Section        8  _printf_wctomb.o(.constdata)
    initial_mbstate                          0x08002380   Data           8  _printf_wctomb.o(.constdata)
    .constdata                               0x08002388   Section       40  _printf_hex_int.o(.constdata)
    uc_hextab                                0x08002388   Data          20  _printf_hex_int.o(.constdata)
    lc_hextab                                0x0800239c   Data          20  _printf_hex_int.o(.constdata)
    .constdata                               0x080023b0   Section       17  __printf_flags_ss_wp.o(.constdata)
    maptable                                 0x080023b0   Data          17  __printf_flags_ss_wp.o(.constdata)
    locale$$data                             0x080023e4   Section      272  lc_ctype_c.o(locale$$data)
    __lcctype_c_name                         0x080023e8   Data           2  lc_ctype_c.o(locale$$data)
    __lcctype_c_start                        0x080023f0   Data           0  lc_ctype_c.o(locale$$data)
    .init_array                              0x080024f4   Section        4  config.o(.init_array)
    __lcctype_c_end                          0x080024f4   Data           0  lc_ctype_c.o(locale$$data)
    .init_array                              0x080024f8   Section        0  init_aeabi.o(.init_array)
    .data                                    0x200000c0   Section       24  system_stm32f0xx.o(.data)
    .data                                    0x200000d8   Section       16  serial.o(.data)
    bufferRx                                 0x200000d8   Data           8  serial.o(.data)
    bufferTx                                 0x200000e0   Data           8  serial.o(.data)
    .data                                    0x200000e8   Section       16  i2c.o(.data)
    bufferRx                                 0x200000e8   Data           8  i2c.o(.data)
    bufferTx                                 0x200000f0   Data           8  i2c.o(.data)
    .data                                    0x200000f8   Section       20  main.o(.data)
    .data                                    0x2000010c   Section        4  config.o(.data)
    .bss                                     0x20000110   Section       64  digital.o(.bss)
    .bss                                     0x20000150   Section       32  timer.o(.bss)
    .bss                                     0x20000170   Section      600  config.o(.bss)
    .bss                                     0x200003c8   Section       20  rt_locale.o(.bss)
    __rt_locale_data                         0x200003c8   Data          20  rt_locale.o(.bss)

    Global Symbols

    Symbol Name                              Value     Ov Type        Size  Object(Section)

    BuildAttributes$$THM_ISAv3M$S$PE$A:L22$X:L11$S22$IEEE1$IW$USESV6$~STKCKD$USESV7$~SHL$OSPACE$ROPI$EBA8$UX$STANDARDLIB$REQ8$PRES8$EABIv2 0x00000000   Number         0  anon$$obj.o ABSOLUTE
    __ARM_use_no_argv                        0x00000000   Number         0  main.o ABSOLUTE
    _printf_flags                            0x00000000   Number         0  printf_stubs.o ABSOLUTE
    _printf_return_value                     0x00000000   Number         0  printf_stubs.o ABSOLUTE
    _printf_sizespec                         0x00000000   Number         0  printf_stubs.o ABSOLUTE
    _printf_widthprec                        0x00000000   Number         0  printf_stubs.o ABSOLUTE
    __ARM_exceptions_init                     - Undefined Weak Reference
    __alloca_initialize                       - Undefined Weak Reference
    __arm_preinit_                            - Undefined Weak Reference
    __cxa_finalize                            - Undefined Weak Reference
    __sigvec_lookup                           - Undefined Weak Reference
    _atexit_init                              - Undefined Weak Reference
    _call_atexit_fns                          - Undefined Weak Reference
    _clock_init                               - Undefined Weak Reference
    _fp_trap_init                             - Undefined Weak Reference
    _fp_trap_shutdown                         - Undefined Weak Reference
    _get_lc_collate                           - Undefined Weak Reference
    _get_lc_monetary                          - Undefined Weak Reference
    _get_lc_numeric                           - Undefined Weak Reference
    _get_lc_time                              - Undefined Weak Reference
    _getenv_init                              - Undefined Weak Reference
    _handle_redirection                       - Undefined Weak Reference
    _init_alloc                               - Undefined Weak Reference
    _init_user_alloc                          - Undefined Weak Reference
    _initio                                   - Undefined Weak Reference
    _printf_mbtowc                            - Undefined Weak Reference
    _printf_wc                                - Undefined Weak Reference
    _rand_init                                - Undefined Weak Reference
    _signal_finish                            - Undefined Weak Reference
    _signal_init                              - Undefined Weak Reference
    _terminate_alloc                          - Undefined Weak Reference
    _terminate_user_alloc                     - Undefined Weak Reference
    _terminateio                              - Undefined Weak Reference
    __Vectors_Size                           0x000000bc   Number         0  startup_stm32f051x8.o ABSOLUTE
    __Vectors                                0x08000000   Data           4  startup_stm32f051x8.o(RESET)
    __Vectors_End                            0x080000bc   Data           0  startup_stm32f051x8.o(RESET)
    __main                                   0x080000bd   Thumb Code     8  __main.o(!!!main)
    __scatterload                            0x080000c5   Thumb Code     0  __scatter.o(!!!scatter)
    __scatterload_rt2                        0x080000c5   Thumb Code    52  __scatter.o(!!!scatter)
    __scatterload_rt2_thumb_only             0x080000c5   Thumb Code     0  __scatter.o(!!!scatter)
    __scatterload_null                       0x080000d5   Thumb Code     0  __scatter.o(!!!scatter)
    __scatterload_copy                       0x08000101   Thumb Code    26  __scatter_copy.o(!!handler_copy)
    __scatterload_zeroinit                   0x0800011d   Thumb Code    28  __scatter_zi.o(!!handler_zi)
    _printf_percent                          0x08000139   Thumb Code     0  _printf_percent.o(.ARM.Collect$$_printf_percent$$00000000)
    _printf_i                                0x0800013b   Thumb Code     0  _printf_i.o(.ARM.Collect$$_printf_percent$$00000008)
    _printf_d                                0x08000145   Thumb Code     0  _printf_d.o(.ARM.Collect$$_printf_percent$$00000009)
    _printf_u                                0x0800014f   Thumb Code     0  _printf_u.o(.ARM.Collect$$_printf_percent$$0000000A)
    _printf_o                                0x08000159   Thumb Code     0  _printf_o.o(.ARM.Collect$$_printf_percent$$0000000B)
    _printf_x                                0x08000163   Thumb Code     0  _printf_x.o(.ARM.Collect$$_printf_percent$$0000000C)
    _printf_l                                0x0800016d   Thumb Code     0  _printf_l.o(.ARM.Collect$$_printf_percent$$00000012)
    _printf_c                                0x08000177   Thumb Code     0  _printf_c.o(.ARM.Collect$$_printf_percent$$00000013)
    _printf_lc                               0x08000181   Thumb Code     0  _printf_lc.o(.ARM.Collect$$_printf_percent$$00000015)
    _printf_percent_end                      0x0800018b   Thumb Code     0  _printf_percent_end.o(.ARM.Collect$$_printf_percent$$00000017)
    __rt_lib_init                            0x0800018f   Thumb Code     0  libinit.o(.ARM.Collect$$libinit$$00000000)
    __rt_lib_init_fp_1                       0x08000191   Thumb Code     0  libinit2.o(.ARM.Collect$$libinit$$00000002)
    __rt_lib_init_heap_1                     0x08000191   Thumb Code     0  libinit2.o(.ARM.Collect$$libinit$$0000000A)
    __rt_lib_init_lc_common                  0x08000191   Thumb Code     0  libinit2.o(.ARM.Collect$$libinit$$0000000F)
    __rt_lib_init_preinit_1                  0x08000191   Thumb Code     0  libinit2.o(.ARM.Collect$$libinit$$00000004)
    __rt_lib_init_rand_1                     0x08000191   Thumb Code     0  libinit2.o(.ARM.Collect$$libinit$$0000000E)
    __rt_lib_init_user_alloc_1               0x08000191   Thumb Code     0  libinit2.o(.ARM.Collect$$libinit$$0000000C)
    __rt_lib_init_lc_collate_1               0x08000197   Thumb Code     0  libinit2.o(.ARM.Collect$$libinit$$00000011)
    __rt_lib_init_lc_ctype_2                 0x08000197   Thumb Code     0  libinit2.o(.ARM.Collect$$libinit$$00000012)
    __rt_lib_init_alloca_1                   0x080001a3   Thumb Code     0  libinit2.o(.ARM.Collect$$libinit$$0000002E)
    __rt_lib_init_argv_1                     0x080001a3   Thumb Code     0  libinit2.o(.ARM.Collect$$libinit$$0000002C)
    __rt_lib_init_atexit_1                   0x080001a3   Thumb Code     0  libinit2.o(.ARM.Collect$$libinit$$0000001B)
    __rt_lib_init_clock_1                    0x080001a3   Thumb Code     0  libinit2.o(.ARM.Collect$$libinit$$00000021)
    __rt_lib_init_cpp_2                      0x080001a3   Thumb Code     0  libinit2.o(.ARM.Collect$$libinit$$00000031)
    __rt_lib_init_exceptions_1               0x080001a3   Thumb Code     0  libinit2.o(.ARM.Collect$$libinit$$00000030)
    __rt_lib_init_fp_trap_1                  0x080001a3   Thumb Code     0  libinit2.o(.ARM.Collect$$libinit$$0000001F)
    __rt_lib_init_getenv_1                   0x080001a3   Thumb Code     0  libinit2.o(.ARM.Collect$$libinit$$00000023)
    __rt_lib_init_lc_ctype_1                 0x080001a3   Thumb Code     0  libinit2.o(.ARM.Collect$$libinit$$00000013)
    __rt_lib_init_lc_monetary_1              0x080001a3   Thumb Code     0  libinit2.o(.ARM.Collect$$libinit$$00000015)
    __rt_lib_init_lc_numeric_1               0x080001a3   Thumb Code     0  libinit2.o(.ARM.Collect$$libinit$$00000017)
    __rt_lib_init_lc_time_1                  0x080001a3   Thumb Code     0  libinit2.o(.ARM.Collect$$libinit$$00000019)
    __rt_lib_init_signal_1                   0x080001a3   Thumb Code     0  libinit2.o(.ARM.Collect$$libinit$$0000001D)
    __rt_lib_init_stdio_1                    0x080001a3   Thumb Code     0  libinit2.o(.ARM.Collect$$libinit$$00000025)
    __rt_lib_init_cpp_1                      0x080001a7   Thumb Code     0  libinit2.o(.ARM.Collect$$libinit$$00000032)
    __rt_lib_init_return                     0x080001a7   Thumb Code     0  libinit2.o(.ARM.Collect$$libinit$$00000033)
    __rt_lib_shutdown                        0x080001a9   Thumb Code     0  libshutdown.o(.ARM.Collect$$libshutdown$$00000000)
    __rt_lib_shutdown_cpp_1                  0x080001ab   Thumb Code     0  libshutdown2.o(.ARM.Collect$$libshutdown$$00000002)
    __rt_lib_shutdown_fp_trap_1              0x080001ab   Thumb Code     0  libshutdown2.o(.ARM.Collect$$libshutdown$$00000007)
    __rt_lib_shutdown_heap_1                 0x080001ab   Thumb Code     0  libshutdown2.o(.ARM.Collect$$libshutdown$$0000000F)
    __rt_lib_shutdown_return                 0x080001ab   Thumb Code     0  libshutdown2.o(.ARM.Collect$$libshutdown$$00000010)
    __rt_lib_shutdown_signal_1               0x080001ab   Thumb Code     0  libshutdown2.o(.ARM.Collect$$libshutdown$$0000000A)
    __rt_lib_shutdown_stdio_1                0x080001ab   Thumb Code     0  libshutdown2.o(.ARM.Collect$$libshutdown$$00000004)
    __rt_lib_shutdown_user_alloc_1           0x080001ab   Thumb Code     0  libshutdown2.o(.ARM.Collect$$libshutdown$$0000000C)
    __rt_entry                               0x080001ad   Thumb Code     0  __rtentry.o(.ARM.Collect$$rtentry$$00000000)
    __rt_entry_presh_1                       0x080001ad   Thumb Code     0  __rtentry2.o(.ARM.Collect$$rtentry$$00000002)
    __rt_entry_sh                            0x080001ad   Thumb Code     0  __rtentry4.o(.ARM.Collect$$rtentry$$00000004)
    __rt_entry_li                            0x080001b3   Thumb Code     0  __rtentry2.o(.ARM.Collect$$rtentry$$0000000A)
    __rt_entry_postsh_1                      0x080001b3   Thumb Code     0  __rtentry2.o(.ARM.Collect$$rtentry$$00000009)
    __rt_entry_main                          0x080001b7   Thumb Code     0  __rtentry2.o(.ARM.Collect$$rtentry$$0000000D)
    __rt_entry_postli_1                      0x080001b7   Thumb Code     0  __rtentry2.o(.ARM.Collect$$rtentry$$0000000C)
    __rt_exit                                0x080001bf   Thumb Code     0  rtexit.o(.ARM.Collect$$rtexit$$00000000)
    __rt_exit_ls                             0x080001c1   Thumb Code     0  rtexit2.o(.ARM.Collect$$rtexit$$00000003)
    __rt_exit_prels_1                        0x080001c1   Thumb Code     0  rtexit2.o(.ARM.Collect$$rtexit$$00000002)
    __rt_exit_exit                           0x080001c5   Thumb Code     0  rtexit2.o(.ARM.Collect$$rtexit$$00000004)
    Reset_Handler                            0x080001cd   Thumb Code     8  startup_stm32f051x8.o(.text)
    ADC1_COMP_IRQHandler                     0x080001df   Thumb Code     0  startup_stm32f051x8.o(.text)
    CEC_IRQHandler                           0x080001df   Thumb Code     0  startup_stm32f051x8.o(.text)
    DMA1_Channel1_IRQHandler                 0x080001df   Thumb Code     0  startup_stm32f051x8.o(.text)
    DMA1_Channel2_3_IRQHandler               0x080001df   Thumb Code     0  startup_stm32f051x8.o(.text)
    DMA1_Channel4_5_IRQHandler               0x080001df   Thumb Code     0  startup_stm32f051x8.o(.text)
    FLASH_IRQHandler                         0x080001df   Thumb Code     0  startup_stm32f051x8.o(.text)
    PVD_IRQHandler                           0x080001df   Thumb Code     0  startup_stm32f051x8.o(.text)
    RCC_IRQHandler                           0x080001df   Thumb Code     0  startup_stm32f051x8.o(.text)
    RTC_IRQHandler                           0x080001df   Thumb Code     0  startup_stm32f051x8.o(.text)
    SPI1_IRQHandler                          0x080001df   Thumb Code     0  startup_stm32f051x8.o(.text)
    SPI2_IRQHandler                          0x080001df   Thumb Code     0  startup_stm32f051x8.o(.text)
    TIM1_CC_IRQHandler                       0x080001df   Thumb Code     0  startup_stm32f051x8.o(.text)
    TSC_IRQHandler                           0x080001df   Thumb Code     0  startup_stm32f051x8.o(.text)
    WWDG_IRQHandler                          0x080001df   Thumb Code     0  startup_stm32f051x8.o(.text)
    __2sprintf                               0x080001e9   Thumb Code    36  noretval__2sprintf.o(.text)
    _printf_pre_padding                      0x08000211   Thumb Code    44  _printf_pad.o(.text)
    _printf_post_padding                     0x0800023d   Thumb Code    34  _printf_pad.o(.text)
    _printf_truncate_signed                  0x0800025f   Thumb Code    18  _printf_truncate.o(.text)
    _printf_truncate_unsigned                0x08000271   Thumb Code    18  _printf_truncate.o(.text)
    _printf_str                              0x08000283   Thumb Code    82  _printf_str.o(.text)
    _printf_int_dec                          0x080002d5   Thumb Code    90  _printf_dec.o(.text)
    _printf_wctomb                           0x08000341   Thumb Code   182  _printf_wctomb.o(.text)
    _printf_int_oct                          0x080003fd   Thumb Code    72  _printf_oct_int.o(.text)
    _printf_longlong_oct                     0x080003fd   Thumb Code     0  _printf_oct_int.o(.text)
    _printf_int_hex                          0x0800044d   Thumb Code    84  _printf_hex_int.o(.text)
    _printf_longlong_hex                     0x0800044d   Thumb Code     0  _printf_hex_int.o(.text)
    __printf                                 0x080004a5   Thumb Code   386  __printf_flags_ss_wp.o(.text)
    __aeabi_uidiv                            0x0800062d   Thumb Code     0  aeabi_sdiv.o(.text)
    __aeabi_uidivmod                         0x0800062d   Thumb Code    20  aeabi_sdiv.o(.text)
    __aeabi_idiv                             0x08000641   Thumb Code     0  aeabi_sdiv.o(.text)
    __aeabi_idivmod                          0x08000641   Thumb Code   326  aeabi_sdiv.o(.text)
    __cpp_initialize__aeabi_                 0x08000789   Thumb Code    26  init_aeabi.o(.text)
    _printf_int_common                       0x080007ad   Thumb Code   176  _printf_intcommon.o(.text)
    _printf_char_common                      0x08000867   Thumb Code    32  _printf_char_common.o(.text)
    _sputc                                   0x0800088d   Thumb Code    10  _sputc.o(.text)
    _printf_cs_common                        0x08000897   Thumb Code    22  _printf_char.o(.text)
    _printf_char                             0x080008ad   Thumb Code    16  _printf_char.o(.text)
    _printf_string                           0x080008bd   Thumb Code     8  _printf_char.o(.text)
    _printf_lcs_common                       0x080008c5   Thumb Code    22  _printf_wchar.o(.text)
    _printf_wchar                            0x080008db   Thumb Code    16  _printf_wchar.o(.text)
    _printf_wstring                          0x080008eb   Thumb Code     8  _printf_wchar.o(.text)
    _wcrtomb                                 0x080008f3   Thumb Code    64  _wcrtomb.o(.text)
    __rt_udiv10                              0x08000933   Thumb Code    40  rtudiv10.o(.text)
    __rt_ctype_table                         0x0800095d   Thumb Code    16  rt_ctype_table.o(.text)
    __rt_locale                              0x0800096d   Thumb Code     8  rt_locale.o(.text)
    exit                                     0x08000975   Thumb Code    16  exit.o(.text)
    strcmp                                   0x08000985   Thumb Code   132  strcmp.o(.text)
    _sys_exit                                0x08000a0d   Thumb Code     8  sys_exit.o(.text)
    __I$use$semihosting                      0x08000a19   Thumb Code     0  use_no_semi.o(.text)
    __use_no_semihosting_swi                 0x08000a19   Thumb Code     2  use_no_semi.o(.text)
    __semihosting_library_function           0x08000a1b   Thumb Code     0  indicate_semi.o(.text)
    EXTI0_1_IRQHandler                       0x08000a1d   Thumb Code    58  digital.o(i.EXTI0_1_IRQHandler)
    EXTI2_3_IRQHandler                       0x08000a61   Thumb Code    58  digital.o(i.EXTI2_3_IRQHandler)
    EXTI4_15_IRQHandler                      0x08000aa5   Thumb Code    58  digital.o(i.EXTI4_15_IRQHandler)
    HardFault_Handler                        0x08000ae9   Thumb Code     4  system_stm32f0xx.o(i.HardFault_Handler)
    I2C1_IRQHandler                          0x08000aed   Thumb Code   294  i2c.o(i.I2C1_IRQHandler)
    I2C2_IRQHandler                          0x08000c21   Thumb Code   294  i2c.o(i.I2C2_IRQHandler)
    NMI_Handler                              0x08000d55   Thumb Code     2  system_stm32f0xx.o(i.NMI_Handler)
    PendSV_Handler                           0x08000d57   Thumb Code     2  system_stm32f0xx.o(i.PendSV_Handler)
    SVC_Handler                              0x08000d59   Thumb Code     2  system_stm32f0xx.o(i.SVC_Handler)
    SysTick_Handler                          0x08000d5d   Thumb Code    12  system_stm32f0xx.o(i.SysTick_Handler)
    SysTick_Value                            0x08000d6d   Thumb Code     6  system_stm32f0xx.o(i.SysTick_Value)
    SystemInit                               0x08000d79   Thumb Code   178  system_stm32f0xx.o(i.SystemInit)
    TIM14_IRQHandler                         0x08000e49   Thumb Code    42  timer.o(i.TIM14_IRQHandler)
    TIM15_IRQHandler                         0x08000e7d   Thumb Code    42  timer.o(i.TIM15_IRQHandler)
    TIM16_IRQHandler                         0x08000eb1   Thumb Code    42  timer.o(i.TIM16_IRQHandler)
    TIM17_IRQHandler                         0x08000ee5   Thumb Code    42  timer.o(i.TIM17_IRQHandler)
    TIM1_BRK_UP_TRG_COM_IRQHandler           0x08000f19   Thumb Code    42  timer.o(i.TIM1_BRK_UP_TRG_COM_IRQHandler)
    TIM2_IRQHandler                          0x08000f4d   Thumb Code    48  timer.o(i.TIM2_IRQHandler)
    TIM3_IRQHandler                          0x08000f81   Thumb Code    42  timer.o(i.TIM3_IRQHandler)
    TIM6_DAC_IRQHandler                      0x08000fb5   Thumb Code    42  timer.o(i.TIM6_DAC_IRQHandler)
    USART1_IRQHandler                        0x08000fe9   Thumb Code   100  serial.o(i.USART1_IRQHandler)
    USART2_IRQHandler                        0x08001059   Thumb Code   100  serial.o(i.USART2_IRQHandler)
    Delay(unsigned)                          0x080012b1   Thumb Code    26  delay.o(i._Z5Delayj)
    tickMCU()                                0x080012cd   Thumb Code    46  main.o(i._Z7tickMCUv)
    Brightness::set(unsigned char)           0x0800130d   Thumb Code    32  brightness.o(i._ZN10Brightness3setEh)
    Brightness::Brightness(PinName, unsigned, TIM_TypeDef*, TimerChannel) 0x08001331   Thumb Code    42  brightness.o(i._ZN10BrightnessC1E7PinNamejP11TIM_TypeDef12TimerChannel)
    Brightness::Brightness__sub_object(PinName, unsigned, TIM_TypeDef*, TimerChannel) 0x08001331   Thumb Code     0  brightness.o(i._ZN10BrightnessC1E7PinNamejP11TIM_TypeDef12TimerChannel)
    DigitalOut::DigitalOut(PinName)          0x0800135b   Thumb Code    46  digital.o(i._ZN10DigitalOutC1E7PinName)
    DigitalOut::DigitalOut__sub_object(PinName) 0x0800135b   Thumb Code     0  digital.o(i._ZN10DigitalOutC1E7PinName)
    DigitalOut::operator =(unsigned)         0x08001389   Thumb Code    18  digital.o(i._ZN10DigitalOutaSEj)
    SevenSegGroup::add(SevenSeg*)            0x0800139b   Thumb Code    42  sevenseg.o(i._ZN13SevenSegGroup3addEP8SevenSeg)
    SevenSegGroup::set(int)                  0x080013c5   Thumb Code    40  sevenseg.o(i._ZN13SevenSegGroup3setEi)
    SevenSegGroup::timer()                   0x080013f5   Thumb Code    56  sevenseg.o(i._ZN13SevenSegGroup5timerEv)
    SevenSegGroup::update()                  0x0800142d   Thumb Code   372  sevenseg.o(i._ZN13SevenSegGroup6updateEv)
    SevenSegGroup::SevenSegGroup()           0x080015a1   Thumb Code    16  sevenseg.o(i._ZN13SevenSegGroupC1Ev)
    SevenSegGroup::SevenSegGroup__sub_object() 0x080015a1   Thumb Code     0  sevenseg.o(i._ZN13SevenSegGroupC1Ev)
    CircularBuffer::get()                    0x080015b1   Thumb Code    32  circularbuffer.o(i._ZN14CircularBuffer3getEv)
    CircularBuffer::put(unsigned char)       0x080015d1   Thumb Code    32  circularbuffer.o(i._ZN14CircularBuffer3putEh)
    CircularBuffer::count()                  0x080015f1   Thumb Code     6  circularbuffer.o(i._ZN14CircularBuffer5countEv)
    CircularBuffer::flush()                  0x080015f7   Thumb Code    10  circularbuffer.o(i._ZN14CircularBuffer5flushEv)
    CircularBuffer::CircularBuffer(unsigned char*, unsigned short) 0x08001601   Thumb Code    14  circularbuffer.o(i._ZN14CircularBufferC1EPht)
    CircularBuffer::CircularBuffer__sub_object(unsigned char*, unsigned short) 0x08001601   Thumb Code     0  circularbuffer.o(i._ZN14CircularBufferC1EPht)
    I2C::busy()                              0x08001611   Thumb Code    22  i2c.o(i._ZN3I2C4busyEv)
    I2C::write(unsigned char, unsigned char*, unsigned char) 0x0800162d   Thumb Code   122  i2c.o(i._ZN3I2C5writeEhPhh)
    I2C::I2C(I2C_TypeDef*, PinName, PinName) 0x080016a9   Thumb Code   438  i2c.o(i._ZN3I2CC1EP11I2C_TypeDef7PinNameS2_)
    I2C::I2C__sub_object(I2C_TypeDef*, PinName, PinName) 0x080016a9   Thumb Code     0  i2c.o(i._ZN3I2CC1EP11I2C_TypeDef7PinNameS2_)
    GPIO::af(PinAF)                          0x0800187d   Thumb Code    60  gpio.o(i._ZN4GPIO2afE5PinAF)
    GPIO::mode(PinMode)                      0x080018b9   Thumb Code    40  gpio.o(i._ZN4GPIO4modeE7PinMode)
    GPIO::pull(PinPull)                      0x080018e1   Thumb Code    40  gpio.o(i._ZN4GPIO4pullE7PinPull)
    GPIO::read()                             0x08001909   Thumb Code    22  gpio.o(i._ZN4GPIO4readEv)
    GPIO::type(PinType)                      0x0800191f   Thumb Code    38  gpio.o(i._ZN4GPIO4typeE7PinType)
    GPIO::clock(unsigned)                    0x08001945   Thumb Code    92  gpio.o(i._ZN4GPIO5clockEj)
    GPIO::write(unsigned)                    0x080019ad   Thumb Code    20  gpio.o(i._ZN4GPIO5writeEj)
    GPIO::GPIO(PinName, PinMode)             0x080019c1   Thumb Code    48  gpio.o(i._ZN4GPIOC1E7PinName7PinMode)
    GPIO::GPIO__sub_object(PinName, PinMode) 0x080019c1   Thumb Code     0  gpio.o(i._ZN4GPIOC1E7PinName7PinMode)
    Timer::start()                           0x080019f1   Thumb Code    14  timer.o(i._ZN5Timer5startEv)
    Timer::attach(void(*)())                 0x08001a01   Thumb Code   174  timer.o(i._ZN5Timer6attachEPFvvE)
    Timer::Timer(TIM_TypeDef*)               0x08001ac1   Thumb Code   284  timer.o(i._ZN5TimerC1EP11TIM_TypeDef)
    Timer::Timer__sub_object(TIM_TypeDef*)   0x08001ac1   Thumb Code     0  timer.o(i._ZN5TimerC1EP11TIM_TypeDef)
    Button::get()                            0x08001bf1   Thumb Code    10  button.o(i._ZN6Button3getEv)
    Button::timer()                          0x08001bfd   Thumb Code    16  button.o(i._ZN6Button5timerEv)
    Button::update()                         0x08001c11   Thumb Code   150  button.o(i._ZN6Button6updateEv)
    Button::Button(PinName)                  0x08001ca7   Thumb Code    32  button.o(i._ZN6ButtonC1E7PinName)
    Button::Button__sub_object(PinName)      0x08001ca7   Thumb Code     0  button.o(i._ZN6ButtonC1E7PinName)
    PwmOut::write(unsigned char)             0x08001cc7   Thumb Code    54  timer.o(i._ZN6PwmOut5writeEh)
    PwmOut::PwmOut(PinName, unsigned, TIM_TypeDef*, TimerChannel) 0x08001cfd   Thumb Code   386  timer.o(i._ZN6PwmOutC1E7PinNamejP11TIM_TypeDef12TimerChannel)
    PwmOut::PwmOut__sub_object(PinName, unsigned, TIM_TypeDef*, TimerChannel) 0x08001cfd   Thumb Code     0  timer.o(i._ZN6PwmOutC1E7PinNamejP11TIM_TypeDef12TimerChannel)
    Ticker::attach_us(void(*)(), unsigned)   0x08001e91   Thumb Code    58  timer.o(i._ZN6Ticker9attach_usEPFvvEj)
    Ticker::Ticker(TIM_TypeDef*)             0x08001ed5   Thumb Code    20  timer.o(i._ZN6TickerC1EP11TIM_TypeDef)
    Ticker::Ticker__sub_object(TIM_TypeDef*) 0x08001ed5   Thumb Code     0  timer.o(i._ZN6TickerC1EP11TIM_TypeDef)
    SevenSeg::on()                           0x08001ee9   Thumb Code    14  sevenseg.o(i._ZN8SevenSeg2onEv)
    SevenSeg::off()                          0x08001ef7   Thumb Code    14  sevenseg.o(i._ZN8SevenSeg3offEv)
    SevenSeg::set(unsigned char)             0x08001f05   Thumb Code    22  sevenseg.o(i._ZN8SevenSeg3setEh)
    SevenSeg::segments(unsigned char)        0x08001f21   Thumb Code    52  sevenseg.o(i._ZN8SevenSeg8segmentsEh)
    SevenSeg::SevenSeg(DigitalOut*, DigitalOut*) 0x08001f55   Thumb Code    28  sevenseg.o(i._ZN8SevenSegC1EP10DigitalOutS1_)
    SevenSeg::SevenSeg__sub_object(DigitalOut*, DigitalOut*) 0x08001f55   Thumb Code     0  sevenseg.o(i._ZN8SevenSegC1EP10DigitalOutS1_)
    __user_setup_stackheap                   0x080020b9   Thumb Code    28  sys.o(i.__user_setup_stackheap)
    _is_digit                                0x080020d9   Thumb Code    14  __printf_wp.o(i._is_digit)
    main                                     0x080020e9   Thumb Code   316  main.o(i.main)
    _get_lc_ctype                            0x0800226d   Thumb Code    44  lc_ctype_c.o(locale$$code)
    Region$$Table$$Base                      0x080023c4   Number         0  anon$$obj.o(Region$$Table)
    Region$$Table$$Limit                     0x080023e4   Number         0  anon$$obj.o(Region$$Table)
    __ctype                                  0x080023f1   Data           0  lc_ctype_c.o(locale$$data)
    SHT$$INIT_ARRAY$$Base                    0x080024f4   Number         0  config.o(.init_array)
    SHT$$INIT_ARRAY$$Limit                   0x080024f8   Number         0  init_aeabi.o(.init_array)
    SystemCoreClock                          0x200000c0   Data           4  system_stm32f0xx.o(.data)
    AHBPrescTable                            0x200000c4   Data          16  system_stm32f0xx.o(.data)
    sysTick                                  0x200000d4   Data           4  system_stm32f0xx.o(.data)
    buffer                                   0x200000f8   Data           5  main.o(.data)
    frequency                                0x20000100   Data           4  main.o(.data)
    pll                                      0x20000104   Data           4  main.o(.data)
    timeout                                  0x20000108   Data           4  main.o(.data)
    ticker                                   0x2000010c   Data           4  config.o(.data)
    extiCallback                             0x20000110   Data          64  digital.o(.bss)
    updateCallback                           0x20000150   Data          32  timer.o(.bss)
    segment                                  0x20000170   Data          84  config.o(.bss)
    digit                                    0x200001c4   Data          48  config.o(.bss)
    dots                                     0x200001f4   Data          12  config.o(.bss)
    sevenSeg0                                0x20000200   Data          32  config.o(.bss)
    sevenSeg1                                0x20000220   Data          32  config.o(.bss)
    sevenSeg2                                0x20000240   Data          32  config.o(.bss)
    sevenSeg3                                0x20000260   Data          32  config.o(.bss)
    sevenSegGroup                            0x20000280   Data         152  config.o(.bss)
    buttonRight                              0x20000318   Data          16  config.o(.bss)
    buttonLeft                               0x20000328   Data          16  config.o(.bss)
    brightness                               0x20000338   Data          28  config.o(.bss)
    i2c                                      0x20000354   Data         116  config.o(.bss)
    Image$$RW_IRAM1$$ZI$$Limit               0x200003dc   Number         0  anon$$obj.o ABSOLUTE



==============================================================================

Memory Map of the image

  Image Entry point : 0x080000bd

  Load Region LR_IROM1 (Base: 0x08000000, Size: 0x00002548, Max: 0x00010000, ABSOLUTE)

    Execution Region ER_IROM1 (Base: 0x08000000, Size: 0x000024f8, Max: 0x00010000, ABSOLUTE)

    Base Addr    Size         Type   Attr      Idx    E Section Name        Object

    0x08000000   0x000000bc   Data   RO            1    RESET               startup_stm32f051x8.o
    0x080000bc   0x00000008   Code   RO         1769  * !!!main             c_p.l(__main.o)
    0x080000c4   0x0000003c   Code   RO         1996    !!!scatter          c_p.l(__scatter.o)
    0x08000100   0x0000001a   Code   RO         1998    !!handler_copy      c_p.l(__scatter_copy.o)
    0x0800011a   0x00000002   PAD
    0x0800011c   0x0000001c   Code   RO         2000    !!handler_zi        c_p.l(__scatter_zi.o)
    0x08000138   0x00000002   Code   RO         1761    .ARM.Collect$$_printf_percent$$00000000  c_p.l(_printf_percent.o)
    0x0800013a   0x0000000a   Code   RO         1758    .ARM.Collect$$_printf_percent$$00000008  c_p.l(_printf_i.o)
    0x08000144   0x0000000a   Code   RO         1759    .ARM.Collect$$_printf_percent$$00000009  c_p.l(_printf_d.o)
    0x0800014e   0x0000000a   Code   RO         1760    .ARM.Collect$$_printf_percent$$0000000A  c_p.l(_printf_u.o)
    0x08000158   0x0000000a   Code   RO         1757    .ARM.Collect$$_printf_percent$$0000000B  c_p.l(_printf_o.o)
    0x08000162   0x0000000a   Code   RO         1756    .ARM.Collect$$_printf_percent$$0000000C  c_p.l(_printf_x.o)
    0x0800016c   0x0000000a   Code   RO         1818    .ARM.Collect$$_printf_percent$$00000012  c_p.l(_printf_l.o)
    0x08000176   0x0000000a   Code   RO         1755    .ARM.Collect$$_printf_percent$$00000013  c_p.l(_printf_c.o)
    0x08000180   0x0000000a   Code   RO         1762    .ARM.Collect$$_printf_percent$$00000015  c_p.l(_printf_lc.o)
    0x0800018a   0x00000004   Code   RO         1817    .ARM.Collect$$_printf_percent$$00000017  c_p.l(_printf_percent_end.o)
    0x0800018e   0x00000002   Code   RO         1917    .ARM.Collect$$libinit$$00000000  c_p.l(libinit.o)
    0x08000190   0x00000000   Code   RO         1824    .ARM.Collect$$libinit$$00000002  c_p.l(libinit2.o)
    0x08000190   0x00000000   Code   RO         1826    .ARM.Collect$$libinit$$00000004  c_p.l(libinit2.o)
    0x08000190   0x00000000   Code   RO         1829    .ARM.Collect$$libinit$$0000000A  c_p.l(libinit2.o)
    0x08000190   0x00000000   Code   RO         1831    .ARM.Collect$$libinit$$0000000C  c_p.l(libinit2.o)
    0x08000190   0x00000000   Code   RO         1833    .ARM.Collect$$libinit$$0000000E  c_p.l(libinit2.o)
    0x08000190   0x00000006   Code   RO         1834    .ARM.Collect$$libinit$$0000000F  c_p.l(libinit2.o)
    0x08000196   0x00000000   Code   RO         1836    .ARM.Collect$$libinit$$00000011  c_p.l(libinit2.o)
    0x08000196   0x0000000c   Code   RO         1837    .ARM.Collect$$libinit$$00000012  c_p.l(libinit2.o)
    0x080001a2   0x00000000   Code   RO         1838    .ARM.Collect$$libinit$$00000013  c_p.l(libinit2.o)
    0x080001a2   0x00000000   Code   RO         1840    .ARM.Collect$$libinit$$00000015  c_p.l(libinit2.o)
    0x080001a2   0x00000000   Code   RO         1842    .ARM.Collect$$libinit$$00000017  c_p.l(libinit2.o)
    0x080001a2   0x00000000   Code   RO         1844    .ARM.Collect$$libinit$$00000019  c_p.l(libinit2.o)
    0x080001a2   0x00000000   Code   RO         1846    .ARM.Collect$$libinit$$0000001B  c_p.l(libinit2.o)
    0x080001a2   0x00000000   Code   RO         1848    .ARM.Collect$$libinit$$0000001D  c_p.l(libinit2.o)
    0x080001a2   0x00000000   Code   RO         1850    .ARM.Collect$$libinit$$0000001F  c_p.l(libinit2.o)
    0x080001a2   0x00000000   Code   RO         1852    .ARM.Collect$$libinit$$00000021  c_p.l(libinit2.o)
    0x080001a2   0x00000000   Code   RO         1854    .ARM.Collect$$libinit$$00000023  c_p.l(libinit2.o)
    0x080001a2   0x00000000   Code   RO         1856    .ARM.Collect$$libinit$$00000025  c_p.l(libinit2.o)
    0x080001a2   0x00000000   Code   RO         1860    .ARM.Collect$$libinit$$0000002C  c_p.l(libinit2.o)
    0x080001a2   0x00000000   Code   RO         1862    .ARM.Collect$$libinit$$0000002E  c_p.l(libinit2.o)
    0x080001a2   0x00000000   Code   RO         1864    .ARM.Collect$$libinit$$00000030  c_p.l(libinit2.o)
    0x080001a2   0x00000004   Code   RO         1865    .ARM.Collect$$libinit$$00000031  c_p.l(libinit2.o)
    0x080001a6   0x00000000   Code   RO         1866    .ARM.Collect$$libinit$$00000032  c_p.l(libinit2.o)
    0x080001a6   0x00000002   Code   RO         1867    .ARM.Collect$$libinit$$00000033  c_p.l(libinit2.o)
    0x080001a8   0x00000002   Code   RO         1963    .ARM.Collect$$libshutdown$$00000000  c_p.l(libshutdown.o)
    0x080001aa   0x00000000   Code   RO         1979    .ARM.Collect$$libshutdown$$00000002  c_p.l(libshutdown2.o)
    0x080001aa   0x00000000   Code   RO         1981    .ARM.Collect$$libshutdown$$00000004  c_p.l(libshutdown2.o)
    0x080001aa   0x00000000   Code   RO         1984    .ARM.Collect$$libshutdown$$00000007  c_p.l(libshutdown2.o)
    0x080001aa   0x00000000   Code   RO         1987    .ARM.Collect$$libshutdown$$0000000A  c_p.l(libshutdown2.o)
    0x080001aa   0x00000000   Code   RO         1989    .ARM.Collect$$libshutdown$$0000000C  c_p.l(libshutdown2.o)
    0x080001aa   0x00000000   Code   RO         1992    .ARM.Collect$$libshutdown$$0000000F  c_p.l(libshutdown2.o)
    0x080001aa   0x00000002   Code   RO         1993    .ARM.Collect$$libshutdown$$00000010  c_p.l(libshutdown2.o)
    0x080001ac   0x00000000   Code   RO         1802    .ARM.Collect$$rtentry$$00000000  c_p.l(__rtentry.o)
    0x080001ac   0x00000000   Code   RO         1870    .ARM.Collect$$rtentry$$00000002  c_p.l(__rtentry2.o)
    0x080001ac   0x00000006   Code   RO         1882    .ARM.Collect$$rtentry$$00000004  c_p.l(__rtentry4.o)
    0x080001b2   0x00000000   Code   RO         1872    .ARM.Collect$$rtentry$$00000009  c_p.l(__rtentry2.o)
    0x080001b2   0x00000004   Code   RO         1873    .ARM.Collect$$rtentry$$0000000A  c_p.l(__rtentry2.o)
    0x080001b6   0x00000000   Code   RO         1875    .ARM.Collect$$rtentry$$0000000C  c_p.l(__rtentry2.o)
    0x080001b6   0x00000008   Code   RO         1876    .ARM.Collect$$rtentry$$0000000D  c_p.l(__rtentry2.o)
    0x080001be   0x00000002   Code   RO         1923    .ARM.Collect$$rtexit$$00000000  c_p.l(rtexit.o)
    0x080001c0   0x00000000   Code   RO         1945    .ARM.Collect$$rtexit$$00000002  c_p.l(rtexit2.o)
    0x080001c0   0x00000004   Code   RO         1946    .ARM.Collect$$rtexit$$00000003  c_p.l(rtexit2.o)
    0x080001c4   0x00000006   Code   RO         1947    .ARM.Collect$$rtexit$$00000004  c_p.l(rtexit2.o)
    0x080001ca   0x00000002   PAD
    0x080001cc   0x0000001c   Code   RO            2    .text               startup_stm32f051x8.o
    0x080001e8   0x00000028   Code   RO         1693    .text               c_p.l(noretval__2sprintf.o)
    0x08000210   0x0000004e   Code   RO         1697    .text               c_p.l(_printf_pad.o)
    0x0800025e   0x00000024   Code   RO         1699    .text               c_p.l(_printf_truncate.o)
    0x08000282   0x00000052   Code   RO         1701    .text               c_p.l(_printf_str.o)
    0x080002d4   0x0000006c   Code   RO         1703    .text               c_p.l(_printf_dec.o)
    0x08000340   0x000000bc   Code   RO         1705    .text               c_p.l(_printf_wctomb.o)
    0x080003fc   0x00000050   Code   RO         1710    .text               c_p.l(_printf_oct_int.o)
    0x0800044c   0x00000058   Code   RO         1717    .text               c_p.l(_printf_hex_int.o)
    0x080004a4   0x00000188   Code   RO         1752    .text               c_p.l(__printf_flags_ss_wp.o)
    0x0800062c   0x0000015a   Code   RO         1765    .text               c_p.l(aeabi_sdiv.o)
    0x08000786   0x00000002   PAD
    0x08000788   0x00000024   Code   RO         1774    .text               c_p.l(init_aeabi.o)
    0x080007ac   0x000000b0   Code   RO         1807    .text               c_p.l(_printf_intcommon.o)
    0x0800085c   0x00000030   Code   RO         1809    .text               c_p.l(_printf_char_common.o)
    0x0800088c   0x0000000a   Code   RO         1811    .text               c_p.l(_sputc.o)
    0x08000896   0x0000002e   Code   RO         1813    .text               c_p.l(_printf_char.o)
    0x080008c4   0x0000002e   Code   RO         1815    .text               c_p.l(_printf_wchar.o)
    0x080008f2   0x00000040   Code   RO         1819    .text               c_p.l(_wcrtomb.o)
    0x08000932   0x00000028   Code   RO         1821    .text               c_p.l(rtudiv10.o)
    0x0800095a   0x00000002   PAD
    0x0800095c   0x00000010   Code   RO         1884    .text               c_p.l(rt_ctype_table.o)
    0x0800096c   0x00000008   Code   RO         1894    .text               c_p.l(rt_locale.o)
    0x08000974   0x00000010   Code   RO         1902    .text               c_p.l(exit.o)
    0x08000984   0x00000088   Code   RO         1937    .text               c_p.l(strcmp.o)
    0x08000a0c   0x0000000c   Code   RO         1939    .text               c_p.l(sys_exit.o)
    0x08000a18   0x00000002   Code   RO         1941    .text               c_p.l(use_no_semi.o)
    0x08000a1a   0x00000000   Code   RO         1943    .text               c_p.l(indicate_semi.o)
    0x08000a1a   0x00000002   PAD
    0x08000a1c   0x00000044   Code   RO          375    i.EXTI0_1_IRQHandler  digital.o
    0x08000a60   0x00000044   Code   RO          376    i.EXTI2_3_IRQHandler  digital.o
    0x08000aa4   0x00000044   Code   RO          377    i.EXTI4_15_IRQHandler  digital.o
    0x08000ae8   0x00000004   Code   RO           10    i.HardFault_Handler  system_stm32f0xx.o
    0x08000aec   0x00000134   Code   RO          860    i.I2C1_IRQHandler   i2c.o
    0x08000c20   0x00000134   Code   RO          861    i.I2C2_IRQHandler   i2c.o
    0x08000d54   0x00000002   Code   RO           11    i.NMI_Handler       system_stm32f0xx.o
    0x08000d56   0x00000002   Code   RO           12    i.PendSV_Handler    system_stm32f0xx.o
    0x08000d58   0x00000002   Code   RO           13    i.SVC_Handler       system_stm32f0xx.o
    0x08000d5a   0x00000002   PAD
    0x08000d5c   0x00000010   Code   RO           14    i.SysTick_Handler   system_stm32f0xx.o
    0x08000d6c   0x0000000c   Code   RO           15    i.SysTick_Value     system_stm32f0xx.o
    0x08000d78   0x000000d0   Code   RO           17    i.SystemInit        system_stm32f0xx.o
    0x08000e48   0x00000034   Code   RO          565    i.TIM14_IRQHandler  timer.o
    0x08000e7c   0x00000034   Code   RO          566    i.TIM15_IRQHandler  timer.o
    0x08000eb0   0x00000034   Code   RO          567    i.TIM16_IRQHandler  timer.o
    0x08000ee4   0x00000034   Code   RO          568    i.TIM17_IRQHandler  timer.o
    0x08000f18   0x00000034   Code   RO          569    i.TIM1_BRK_UP_TRG_COM_IRQHandler  timer.o
    0x08000f4c   0x00000034   Code   RO          570    i.TIM2_IRQHandler   timer.o
    0x08000f80   0x00000034   Code   RO          571    i.TIM3_IRQHandler   timer.o
    0x08000fb4   0x00000034   Code   RO          572    i.TIM6_DAC_IRQHandler  timer.o
    0x08000fe8   0x00000070   Code   RO          785    i.USART1_IRQHandler  serial.o
    0x08001058   0x00000070   Code   RO          786    i.USART2_IRQHandler  serial.o
    0x080010c8   0x00000080   Code   RO           18    i._Z11SetSysClockv  system_stm32f0xx.o
    0x08001148   0x00000078   Code   RO           19    i._Z16NVIC_SetPriority4IRQnj  system_stm32f0xx.o
    0x080011c0   0x00000078   Code   RO          573    i._Z16NVIC_SetPriority4IRQnj  timer.o
    0x08001238   0x00000078   Code   RO          862    i._Z16NVIC_SetPriority4IRQnj  i2c.o
    0x080012b0   0x0000001a   Code   RO          259    i._Z5Delayj         delay.o
    0x080012ca   0x00000002   PAD
    0x080012cc   0x00000040   Code   RO         1152    i._Z7tickMCUv       main.o
    0x0800130c   0x00000024   Code   RO         1275    i._ZN10Brightness3setEh  brightness.o
    0x08001330   0x0000002a   Code   RO         1276    i._ZN10BrightnessC1E7PinNamejP11TIM_TypeDef12TimerChannel  brightness.o
    0x0800135a   0x0000002e   Code   RO          379    i._ZN10DigitalOutC1E7PinName  digital.o
    0x08001388   0x00000012   Code   RO          380    i._ZN10DigitalOutaSEj  digital.o
    0x0800139a   0x0000002a   Code   RO         1541    i._ZN13SevenSegGroup3addEP8SevenSeg  sevenseg.o
    0x080013c4   0x00000030   Code   RO         1543    i._ZN13SevenSegGroup3setEi  sevenseg.o
    0x080013f4   0x00000038   Code   RO         1547    i._ZN13SevenSegGroup5timerEv  sevenseg.o
    0x0800142c   0x00000174   Code   RO         1550    i._ZN13SevenSegGroup6updateEv  sevenseg.o
    0x080015a0   0x00000010   Code   RO         1551    i._ZN13SevenSegGroupC1Ev  sevenseg.o
    0x080015b0   0x00000020   Code   RO          209    i._ZN14CircularBuffer3getEv  circularbuffer.o
    0x080015d0   0x00000020   Code   RO          210    i._ZN14CircularBuffer3putEh  circularbuffer.o
    0x080015f0   0x00000006   Code   RO          211    i._ZN14CircularBuffer5countEv  circularbuffer.o
    0x080015f6   0x0000000a   Code   RO          212    i._ZN14CircularBuffer5flushEv  circularbuffer.o
    0x08001600   0x0000000e   Code   RO          213    i._ZN14CircularBufferC1EPht  circularbuffer.o
    0x0800160e   0x00000002   PAD
    0x08001610   0x0000001c   Code   RO          863    i._ZN3I2C4busyEv    i2c.o
    0x0800162c   0x0000007a   Code   RO          865    i._ZN3I2C5writeEhPhh  i2c.o
    0x080016a6   0x00000002   PAD
    0x080016a8   0x000001d4   Code   RO          868    i._ZN3I2CC1EP11I2C_TypeDef7PinNameS2_  i2c.o
    0x0800187c   0x0000003c   Code   RO          283    i._ZN4GPIO2afE5PinAF  gpio.o
    0x080018b8   0x00000028   Code   RO          286    i._ZN4GPIO4modeE7PinMode  gpio.o
    0x080018e0   0x00000028   Code   RO          288    i._ZN4GPIO4pullE7PinPull  gpio.o
    0x08001908   0x00000016   Code   RO          289    i._ZN4GPIO4readEv   gpio.o
    0x0800191e   0x00000026   Code   RO          290    i._ZN4GPIO4typeE7PinType  gpio.o
    0x08001944   0x00000068   Code   RO          291    i._ZN4GPIO5clockEj  gpio.o
    0x080019ac   0x00000014   Code   RO          293    i._ZN4GPIO5writeEj  gpio.o
    0x080019c0   0x00000030   Code   RO          294    i._ZN4GPIOC1E7PinName7PinMode  gpio.o
    0x080019f0   0x0000000e   Code   RO          577    i._ZN5Timer5startEv  timer.o
    0x080019fe   0x00000002   PAD
    0x08001a00   0x000000c0   Code   RO          578    i._ZN5Timer6attachEPFvvE  timer.o
    0x08001ac0   0x00000130   Code   RO          582    i._ZN5TimerC1EP11TIM_TypeDef  timer.o
    0x08001bf0   0x0000000a   Code   RO         1306    i._ZN6Button3getEv  button.o
    0x08001bfa   0x00000002   PAD
    0x08001bfc   0x00000014   Code   RO         1307    i._ZN6Button5timerEv  button.o
    0x08001c10   0x00000096   Code   RO         1308    i._ZN6Button6updateEv  button.o
    0x08001ca6   0x00000020   Code   RO         1309    i._ZN6ButtonC1E7PinName  button.o
    0x08001cc6   0x00000036   Code   RO          584    i._ZN6PwmOut5writeEh  timer.o
    0x08001cfc   0x00000194   Code   RO          586    i._ZN6PwmOutC1E7PinNamejP11TIM_TypeDef12TimerChannel  timer.o
    0x08001e90   0x00000044   Code   RO          590    i._ZN6Ticker9attach_usEPFvvEj  timer.o
    0x08001ed4   0x00000014   Code   RO          591    i._ZN6TickerC1EP11TIM_TypeDef  timer.o
    0x08001ee8   0x0000000e   Code   RO         1552    i._ZN8SevenSeg2onEv  sevenseg.o
    0x08001ef6   0x0000000e   Code   RO         1553    i._ZN8SevenSeg3offEv  sevenseg.o
    0x08001f04   0x0000001c   Code   RO         1554    i._ZN8SevenSeg3setEh  sevenseg.o
    0x08001f20   0x00000034   Code   RO         1556    i._ZN8SevenSeg8segmentsEh  sevenseg.o
    0x08001f54   0x0000001c   Code   RO         1557    i._ZN8SevenSegC1EP10DigitalOutS1_  sevenseg.o
    0x08001f70   0x00000148   Code   RO         1245    i.__sti___10_Config_cpp_ticker  config.o
    0x080020b8   0x00000020   Code   RO          112    i.__user_setup_stackheap  sys.o
    0x080020d8   0x0000000e   Code   RO         1745    i._is_digit         c_p.l(__printf_wp.o)
    0x080020e6   0x00000002   PAD
    0x080020e8   0x00000184   Code   RO         1153    i.main              main.o
    0x0800226c   0x0000002c   Code   RO         1900    locale$$code        c_p.l(lc_ctype_c.o)
    0x08002298   0x00000065   Data   RO         1279    .constdata          brightness.o
    0x080022fd   0x00000080   Data   RO         1575    .constdata          sevenseg.o
    0x0800237d   0x00000003   PAD
    0x08002380   0x00000008   Data   RO         1706    .constdata          c_p.l(_printf_wctomb.o)
    0x08002388   0x00000028   Data   RO         1718    .constdata          c_p.l(_printf_hex_int.o)
    0x080023b0   0x00000011   Data   RO         1753    .constdata          c_p.l(__printf_flags_ss_wp.o)
    0x080023c1   0x00000003   PAD
    0x080023c4   0x00000020   Data   RO         1994    Region$$Table       anon$$obj.o
    0x080023e4   0x00000110   Data   RO         1899    locale$$data        c_p.l(lc_ctype_c.o)
    0x080024f4   0x00000004   Data   RO         1249    .init_array         config.o
    0x080024f8   0x00000000   Data   RO         1772    .init_array         c_p.l(init_aeabi.o)


    Execution Region RW_IRAM1 (Base: 0x200000c0, Size: 0x0000031c, Max: 0x00001f40, ABSOLUTE)

    Base Addr    Size         Type   Attr      Idx    E Section Name        Object

    0x200000c0   0x00000018   Data   RW           30    .data               system_stm32f0xx.o
    0x200000d8   0x00000010   Data   RW          803    .data               serial.o
    0x200000e8   0x00000010   Data   RW          878    .data               i2c.o
    0x200000f8   0x00000014   Data   RW         1156    .data               main.o
    0x2000010c   0x00000004   Data   RW         1248    .data               config.o
    0x20000110   0x00000040   Zero   RW          397    .bss                digital.o
    0x20000150   0x00000020   Zero   RW          629    .bss                timer.o
    0x20000170   0x00000258   Zero   RW         1247    .bss                config.o
    0x200003c8   0x00000014   Zero   RW         1895    .bss                c_p.l(rt_locale.o)


==============================================================================

Image component sizes


      Code (inc. data)   RO Data    RW Data    ZI Data      Debug   Object Name

        78          4        101          0          0       1884   brightness.o
       212          4          0          0          0       1828   button.o
        94          0          0          0          0       3708   circularbuffer.o
         0          0          0          0          0       1452   common.o
       328         78          4          4        600        948   config.o
        26          0          0          0          0        464   delay.o
       268         30          0          0         64       9691   digital.o
       372         12          0          0          0       3624   gpio.o
      1354         74          0         16          0       4876   i2c.o
       452         90          0         20          0       3980   main.o
       224         24          0         16          0       1388   serial.o
       670         14        128          0          0       5224   sevenseg.o
        28          8        188          0          0        624   startup_stm32f051x8.o
        32          4          0          0          0       3085   sys.o
       494         60          0         24          0      98272   system_stm32f0xx.o
      1592        150          0          0         32       9632   timer.o

    ----------------------------------------------------------------------
      6236        552        456         80        696     150680   Object Totals
         0          0         32          0          0          0   (incl. Generated)
        12          0          3          0          0          0   (incl. Padding)

    ----------------------------------------------------------------------

      Code (inc. data)   RO Data    RW Data    ZI Data      Debug   Library Member Name

         8          0          0          0          0         68   __main.o
       392          6         17          0          0         76   __printf_flags_ss_wp.o
        14          0          0          0          0         60   __printf_wp.o
         0          0          0          0          0          0   __rtentry.o
        12          0          0          0          0          0   __rtentry2.o
         6          0          0          0          0          0   __rtentry4.o
        60          8          0          0          0          0   __scatter.o
        26          0          0          0          0          0   __scatter_copy.o
        28          0          0          0          0          0   __scatter_zi.o
        10          0          0          0          0          0   _printf_c.o
        46          0          0          0          0        100   _printf_char.o
        48          6          0          0          0         88   _printf_char_common.o
        10          0          0          0          0          0   _printf_d.o
       108         18          0          0          0         76   _printf_dec.o
        88          4         40          0          0         72   _printf_hex_int.o
        10          0          0          0          0          0   _printf_i.o
       176          0          0          0          0         84   _printf_intcommon.o
        10          0          0          0          0          0   _printf_l.o
        10          0          0          0          0          0   _printf_lc.o
        10          0          0          0          0          0   _printf_o.o
        80          8          0          0          0         72   _printf_oct_int.o
        78          0          0          0          0        100   _printf_pad.o
         2          0          0          0          0          0   _printf_percent.o
         4          0          0          0          0          0   _printf_percent_end.o
        82          0          0          0          0         72   _printf_str.o
        36          0          0          0          0         76   _printf_truncate.o
        10          0          0          0          0          0   _printf_u.o
        46          0          0          0          0        100   _printf_wchar.o
       188          6          8          0          0         80   _printf_wctomb.o
        10          0          0          0          0          0   _printf_x.o
        10          0          0          0          0         60   _sputc.o
        64          0          0          0          0         72   _wcrtomb.o
       346          0          0          0          0         92   aeabi_sdiv.o
        16          0          0          0          0         68   exit.o
         0          0          0          0          0          0   indicate_semi.o
        36         10          0          0          0         72   init_aeabi.o
        44         10        272          0          0         76   lc_ctype_c.o
         2          0          0          0          0          0   libinit.o
        24          0          0          0          0          0   libinit2.o
         2          0          0          0          0          0   libshutdown.o
         2          0          0          0          0          0   libshutdown2.o
        40          4          0          0          0         84   noretval__2sprintf.o
        16          4          0          0          0         76   rt_ctype_table.o
         8          4          0          0         20         68   rt_locale.o
         2          0          0          0          0          0   rtexit.o
        10          0          0          0          0          0   rtexit2.o
        40          0          0          0          0         60   rtudiv10.o
       136          4          0          0          0         72   strcmp.o
        12          4          0          0          0         60   sys_exit.o
         2          0          0          0          0         68   use_no_semi.o

    ----------------------------------------------------------------------
      2432         96        340          0         20       2052   Library Totals
        12          0          3          0          0          0   (incl. Padding)

    ----------------------------------------------------------------------

      Code (inc. data)   RO Data    RW Data    ZI Data      Debug   Library Name

      2420         96        337          0         20       2052   c_p.l

    ----------------------------------------------------------------------
      2432         96        340          0         20       2052   Library Totals

    ----------------------------------------------------------------------

==============================================================================


      Code (inc. data)   RO Data    RW Data    ZI Data      Debug   

      8668        648        796         80        716     148752   Grand Totals
      8668        648        796         80        716     148752   ELF Image Totals
      8668        648        796         80          0          0   ROM Totals

==============================================================================

    Total RO  Size (Code + RO Data)                 9464 (   9.24kB)
    Total RW  Size (RW Data + ZI Data)               796 (   0.78kB)
    Total ROM Size (Code + RO Data + RW Data)       9544 (   9.32kB)

==============================================================================

